Using GPU
Args in experiment:
[1mBasic Config[0m
  Task Name:          long_term_forecast  Is Training:        1                   
  Model ID:           FPEMFinal_ExchangeRate_96_720Model:              Autoformer          

[1mData Loader[0m
  Data:               custom              Root Path:          ./dataset/all_datasets/exchange_rate
  Data Path:          exchange_rate.csv   Features:           M                   
  Target:             OT                  Freq:               d                   
  Checkpoints:        results/fpem_final_baselines/Autoformer/ExchangeRate/pred_720/checkpoints

[1mForecasting Task[0m
  Seq Len:            96                  Label Len:          48                  
  Pred Len:           720                 Seasonal Patterns:  Monthly             
  Inverse:            0                   

[1mModel Parameters[0m
  Top k:              5                   Num Kernels:        6                   
  Enc In:             8                   Dec In:             8                   
  C Out:              8                   d model:            512                 
  n heads:            8                   e layers:           2                   
  d layers:           1                   d FF:               2048                
  Moving Avg:         25                  Factor:             3                   
  Distil:             1                   Dropout:            0.1                 
  Embed:              timeF               Activation:         gelu                

[1mRun Parameters[0m
  Num Workers:        0                   Itr:                1                   
  Train Epochs:       10                  Batch Size:         32                  
  Patience:           3                   Learning Rate:      0.0001              
  Des:                FPEMFinal_Autoformer_ExchangeRate_720Loss:               MSE                 
  Lradj:              type1               Use Amp:            0                   

[1mGPU[0m
  Use GPU:            1                   GPU:                0                   
  Use Multi GPU:      0                   Devices:            0,1,2,3             

[1mDe-stationary Projector Params[0m
  P Hidden Dims:      128, 128            P Hidden Layers:    2                   

Use GPU: cuda:0
🚀 Lazy Loading: Autoformer ...
>>>>>>>start training : long_term_forecast_FPEMFinal_ExchangeRate_96_720_Autoformer_custom_ftM_sl96_ll48_pl720_dm512_nh8_el2_dl1_df2048_expand2_dc4_fc3_ebtimeF_dtTrue_FPEMFinal_Autoformer_ExchangeRate_720_0>>>>>>>>>>>>>>>>>>>>>>>>>>
train 4496
val 41
test 798
	iters: 100, epoch: 1 | loss: 0.8899699
	speed: 0.3351s/iter; left time: 439.3460s
Epoch: 1 cost time: 45.18367910385132
Epoch: 1, Steps: 141 | Train Loss: 0.8895304 Vali Loss: 1.0562800 Test Loss: 1.1001178
Validation loss decreased (inf --> 1.056280).  Saving model ...
Updating learning rate to 0.0001
	iters: 100, epoch: 2 | loss: 0.9184077
	speed: 0.4987s/iter; left time: 583.4513s
Epoch: 2 cost time: 44.372962474823
Epoch: 2, Steps: 141 | Train Loss: 0.8662515 Vali Loss: 1.0448787 Test Loss: 1.1316698
Validation loss decreased (1.056280 --> 1.044879).  Saving model ...
Updating learning rate to 5e-05
	iters: 100, epoch: 3 | loss: 0.8691616
	speed: 0.4988s/iter; left time: 513.2903s
Epoch: 3 cost time: 44.35867214202881
Epoch: 3, Steps: 141 | Train Loss: 0.8560657 Vali Loss: 0.8983229 Test Loss: 1.3360236
Validation loss decreased (1.044879 --> 0.898323).  Saving model ...
Updating learning rate to 2.5e-05
	iters: 100, epoch: 4 | loss: 0.9422060
	speed: 0.4993s/iter; left time: 443.3752s
Epoch: 4 cost time: 44.34905171394348
Epoch: 4, Steps: 141 | Train Loss: 0.8342444 Vali Loss: 1.2587498 Test Loss: 1.3357336
EarlyStopping counter: 1 out of 3
Updating learning rate to 1.25e-05
	iters: 100, epoch: 5 | loss: 0.8582974
	speed: 0.4992s/iter; left time: 372.8901s
Epoch: 5 cost time: 44.40294098854065
Epoch: 5, Steps: 141 | Train Loss: 0.7892195 Vali Loss: 2.4897484 Test Loss: 1.2394754
EarlyStopping counter: 2 out of 3
Updating learning rate to 6.25e-06
	iters: 100, epoch: 6 | loss: 0.7557634
	speed: 0.4992s/iter; left time: 302.5201s
Epoch: 6 cost time: 44.351250648498535
Epoch: 6, Steps: 141 | Train Loss: 0.7561820 Vali Loss: 2.2802655 Test Loss: 1.2182239
EarlyStopping counter: 3 out of 3
Early stopping
>>>>>>>testing : long_term_forecast_FPEMFinal_ExchangeRate_96_720_Autoformer_custom_ftM_sl96_ll48_pl720_dm512_nh8_el2_dl1_df2048_expand2_dc4_fc3_ebtimeF_dtTrue_FPEMFinal_Autoformer_ExchangeRate_720_0<<<<<<<<<<<<<<<<<<<<<<<<<<<<<<<<<
test 798
test shape: (798, 720, 8) (798, 720, 8)
test shape: (798, 720, 8) (798, 720, 8)
mse:1.337007999420166, mae:0.8882607817649841, dtw:Not calculated
