Using GPU
Args in experiment:
[1mBasic Config[0m
  Task Name:          long_term_forecast  Is Training:        1                   
  Model ID:           FPEMFinalSmoke_ETTh1_96_96Model:              DLinear             

[1mData Loader[0m
  Data:               ett_hour            Root Path:          ./dataset/all_datasets/ETT-small
  Data Path:          ETTh1.csv           Features:           M                   
  Target:             OT                  Freq:               h                   
  Checkpoints:        results/_smoke_fpem_final_baseline/DLinear/ETTh1/pred_96/checkpoints

[1mForecasting Task[0m
  Seq Len:            96                  Label Len:          48                  
  Pred Len:           96                  Seasonal Patterns:  Monthly             
  Inverse:            0                   

[1mModel Parameters[0m
  Top k:              5                   Num Kernels:        6                   
  Enc In:             7                   Dec In:             7                   
  C Out:              7                   d model:            512                 
  n heads:            8                   e layers:           2                   
  d layers:           1                   d FF:               2048                
  Moving Avg:         25                  Factor:             3                   
  Distil:             1                   Dropout:            0.1                 
  Embed:              timeF               Activation:         gelu                

[1mRun Parameters[0m
  Num Workers:        0                   Itr:                1                   
  Train Epochs:       1                   Batch Size:         32                  
  Patience:           3                   Learning Rate:      0.0001              
  Des:                FPEMFinalSmoke_DLinear_ETTh1_96Loss:               MSE                 
  Lradj:              type1               Use Amp:            0                   

[1mGPU[0m
  Use GPU:            1                   GPU:                0                   
  Use Multi GPU:      0                   Devices:            0,1,2,3             

[1mDe-stationary Projector Params[0m
  P Hidden Dims:      128, 128            P Hidden Layers:    2                   

Use GPU: cuda:0
🚀 Lazy Loading: DLinear ...
>>>>>>>start training : long_term_forecast_FPEMFinalSmoke_ETTh1_96_96_DLinear_ett_hour_ftM_sl96_ll48_pl96_dm512_nh8_el2_dl1_df2048_expand2_dc4_fc3_ebtimeF_dtTrue_FPEMFinalSmoke_DLinear_ETTh1_96_0>>>>>>>>>>>>>>>>>>>>>>>>>>
Traceback (most recent call last):
  File "/data/OuXiaoyu/Time-Series-Library-FPEM/run.py", line 381, in <module>
    exp.train(setting)
  File "/data/OuXiaoyu/Time-Series-Library-FPEM/exp/exp_long_term_forecasting.py", line 342, in train
    train_data, train_loader = self._get_data(flag='train')
                               ^^^^^^^^^^^^^^^^^^^^^^^^^^^^
  File "/data/OuXiaoyu/Time-Series-Library-FPEM/exp/exp_long_term_forecasting.py", line 74, in _get_data
    data_set, data_loader = data_provider(self.args, flag)
                            ^^^^^^^^^^^^^^^^^^^^^^^^^^^^^^
  File "/data/OuXiaoyu/Time-Series-Library-FPEM/data_provider/data_factory.py", line 24, in data_provider
    Data = data_dict[args.data]
           ~~~~~~~~~^^^^^^^^^^^
KeyError: 'ett_hour'
