Using GPU
Args in experiment:
[1mBasic Config[0m
  Task Name:          long_term_forecast  Is Training:        1                   
  Model ID:           FPEMFinal_Traffic_96_720Model:              PatchTST            

[1mData Loader[0m
  Data:               custom              Root Path:          ./dataset/all_datasets/traffic
  Data Path:          traffic.csv         Features:           M                   
  Target:             OT                  Freq:               h                   
  Checkpoints:        results/fpem_final_baselines/PatchTST/Traffic/pred_720/checkpoints

[1mForecasting Task[0m
  Seq Len:            96                  Label Len:          48                  
  Pred Len:           720                 Seasonal Patterns:  Monthly             
  Inverse:            0                   

[1mModel Parameters[0m
  Top k:              5                   Num Kernels:        6                   
  Enc In:             862                 Dec In:             862                 
  C Out:              862                 d model:            128                 
  n heads:            8                   e layers:           1                   
  d layers:           1                   d FF:               256                 
  Moving Avg:         25                  Factor:             3                   
  Distil:             1                   Dropout:            0.1                 
  Embed:              timeF               Activation:         gelu                

[1mRun Parameters[0m
  Num Workers:        0                   Itr:                1                   
  Train Epochs:       10                  Batch Size:         2                   
  Patience:           3                   Learning Rate:      0.0001              
  Des:                FPEMFinal_PatchTST_Traffic_720Loss:               MSE                 
  Lradj:              type1               Use Amp:            0                   

[1mGPU[0m
  Use GPU:            1                   GPU:                0                   
  Use Multi GPU:      0                   Devices:            0,1,2,3             

[1mDe-stationary Projector Params[0m
  P Hidden Dims:      128, 128            P Hidden Layers:    2                   

Use GPU: cuda:0
🚀 Lazy Loading: PatchTST ...
>>>>>>>start training : long_term_forecast_FPEMFinal_Traffic_96_720_PatchTST_custom_ftM_sl96_ll48_pl720_dm128_nh8_el1_dl1_df256_expand2_dc4_fc3_ebtimeF_dtTrue_FPEMFinal_PatchTST_Traffic_720_0>>>>>>>>>>>>>>>>>>>>>>>>>>
train 11465
val 1037
test 2789
	iters: 100, epoch: 1 | loss: 0.5853924
	speed: 0.0322s/iter; left time: 1841.8443s
	iters: 200, epoch: 1 | loss: 0.5853545
	speed: 0.0252s/iter; left time: 1440.6696s
	iters: 300, epoch: 1 | loss: 0.4616169
	speed: 0.0243s/iter; left time: 1384.4816s
	iters: 400, epoch: 1 | loss: 0.5070201
	speed: 0.0209s/iter; left time: 1187.0121s
	iters: 500, epoch: 1 | loss: 0.5276847
	speed: 0.0211s/iter; left time: 1197.9647s
	iters: 600, epoch: 1 | loss: 0.5321856
	speed: 0.0213s/iter; left time: 1209.7339s
	iters: 700, epoch: 1 | loss: 0.4676822
	speed: 0.0215s/iter; left time: 1215.9286s
	iters: 800, epoch: 1 | loss: 0.5221045
	speed: 0.0205s/iter; left time: 1159.0631s
	iters: 900, epoch: 1 | loss: 0.4845921
	speed: 0.0215s/iter; left time: 1214.2684s
	iters: 1000, epoch: 1 | loss: 0.4441070
	speed: 0.0213s/iter; left time: 1201.1970s
	iters: 1100, epoch: 1 | loss: 0.4812543
	speed: 0.0215s/iter; left time: 1209.0183s
	iters: 1200, epoch: 1 | loss: 0.4720334
	speed: 0.0216s/iter; left time: 1213.0258s
	iters: 1300, epoch: 1 | loss: 0.4344296
	speed: 0.0209s/iter; left time: 1172.1370s
	iters: 1400, epoch: 1 | loss: 0.5170210
	speed: 0.0221s/iter; left time: 1234.4505s
	iters: 1500, epoch: 1 | loss: 0.5268515
	speed: 0.0212s/iter; left time: 1184.5533s
	iters: 1600, epoch: 1 | loss: 0.5138310
	speed: 0.0223s/iter; left time: 1241.6637s
	iters: 1700, epoch: 1 | loss: 0.4936804
	speed: 0.0219s/iter; left time: 1217.8241s
	iters: 1800, epoch: 1 | loss: 0.4591050
	speed: 0.0212s/iter; left time: 1175.3506s
	iters: 1900, epoch: 1 | loss: 0.5299201
	speed: 0.0208s/iter; left time: 1154.5602s
	iters: 2000, epoch: 1 | loss: 0.5246245
	speed: 0.0211s/iter; left time: 1165.0051s
	iters: 2100, epoch: 1 | loss: 0.5439345
	speed: 0.0215s/iter; left time: 1186.5075s
	iters: 2200, epoch: 1 | loss: 0.5344893
	speed: 0.0222s/iter; left time: 1224.1424s
	iters: 2300, epoch: 1 | loss: 0.5274519
	speed: 0.0212s/iter; left time: 1164.6966s
	iters: 2400, epoch: 1 | loss: 0.4288968
	speed: 0.0215s/iter; left time: 1179.9484s
	iters: 2500, epoch: 1 | loss: 0.5165970
	speed: 0.0212s/iter; left time: 1164.2639s
	iters: 2600, epoch: 1 | loss: 0.4749103
	speed: 0.0212s/iter; left time: 1157.7855s
	iters: 2700, epoch: 1 | loss: 0.5652837
	speed: 0.0216s/iter; left time: 1181.3259s
	iters: 2800, epoch: 1 | loss: 0.4880292
	speed: 0.0224s/iter; left time: 1219.8843s
	iters: 2900, epoch: 1 | loss: 0.4918751
	speed: 0.0218s/iter; left time: 1185.9811s
	iters: 3000, epoch: 1 | loss: 0.4068359
	speed: 0.0226s/iter; left time: 1225.2311s
	iters: 3100, epoch: 1 | loss: 0.4095631
	speed: 0.0215s/iter; left time: 1167.3499s
	iters: 3200, epoch: 1 | loss: 0.5018803
	speed: 0.0220s/iter; left time: 1193.3908s
	iters: 3300, epoch: 1 | loss: 0.5201006
	speed: 0.0217s/iter; left time: 1172.5802s
	iters: 3400, epoch: 1 | loss: 0.4597706
	speed: 0.0221s/iter; left time: 1191.0836s
	iters: 3500, epoch: 1 | loss: 0.3955280
	speed: 0.0214s/iter; left time: 1150.5551s
	iters: 3600, epoch: 1 | loss: 0.4597015
	speed: 0.0216s/iter; left time: 1158.5482s
	iters: 3700, epoch: 1 | loss: 0.5015094
	speed: 0.0203s/iter; left time: 1088.0552s
	iters: 3800, epoch: 1 | loss: 0.4246818
	speed: 0.0214s/iter; left time: 1144.3609s
	iters: 3900, epoch: 1 | loss: 0.4188473
	speed: 0.0210s/iter; left time: 1120.6019s
	iters: 4000, epoch: 1 | loss: 0.4864125
	speed: 0.0221s/iter; left time: 1177.2233s
	iters: 4100, epoch: 1 | loss: 0.6325374
	speed: 0.0207s/iter; left time: 1101.3905s
	iters: 4200, epoch: 1 | loss: 0.4930951
	speed: 0.0218s/iter; left time: 1156.2166s
	iters: 4300, epoch: 1 | loss: 0.4019063
	speed: 0.0217s/iter; left time: 1151.5025s
	iters: 4400, epoch: 1 | loss: 0.4003707
	speed: 0.0221s/iter; left time: 1171.5078s
	iters: 4500, epoch: 1 | loss: 0.3796632
	speed: 0.0209s/iter; left time: 1104.7746s
	iters: 4600, epoch: 1 | loss: 0.4865446
	speed: 0.0211s/iter; left time: 1114.1026s
	iters: 4700, epoch: 1 | loss: 0.4226241
	speed: 0.0212s/iter; left time: 1116.4165s
	iters: 4800, epoch: 1 | loss: 0.4672541
	speed: 0.0216s/iter; left time: 1134.4986s
	iters: 4900, epoch: 1 | loss: 0.4171481
	speed: 0.0214s/iter; left time: 1119.7366s
	iters: 5000, epoch: 1 | loss: 0.4895536
	speed: 0.0212s/iter; left time: 1111.0411s
	iters: 5100, epoch: 1 | loss: 0.4699199
	speed: 0.0220s/iter; left time: 1147.6476s
	iters: 5200, epoch: 1 | loss: 0.4719349
	speed: 0.0214s/iter; left time: 1116.1097s
	iters: 5300, epoch: 1 | loss: 0.4141519
	speed: 0.0219s/iter; left time: 1137.7235s
	iters: 5400, epoch: 1 | loss: 0.4315141
	speed: 0.0225s/iter; left time: 1168.3119s
	iters: 5500, epoch: 1 | loss: 0.3951451
	speed: 0.0221s/iter; left time: 1145.9111s
	iters: 5600, epoch: 1 | loss: 0.4818956
	speed: 0.0216s/iter; left time: 1118.0745s
	iters: 5700, epoch: 1 | loss: 0.4130382
	speed: 0.0259s/iter; left time: 1336.9744s
Epoch: 1 cost time: 125.79604172706604
Epoch: 1, Steps: 5733 | Train Loss: 0.4776121 Vali Loss: 0.5063237 Test Loss: 0.5916154
Validation loss decreased (inf --> 0.506324).  Saving model ...
Updating learning rate to 0.0001
	iters: 100, epoch: 2 | loss: 0.4770420
	speed: 0.4388s/iter; left time: 22594.9403s
	iters: 200, epoch: 2 | loss: 0.5245100
	speed: 0.0213s/iter; left time: 1096.0581s
	iters: 300, epoch: 2 | loss: 0.5005711
	speed: 0.0210s/iter; left time: 1077.8554s
	iters: 400, epoch: 2 | loss: 0.5496522
	speed: 0.0208s/iter; left time: 1063.0554s
	iters: 500, epoch: 2 | loss: 0.4049323
	speed: 0.0210s/iter; left time: 1073.8686s
	iters: 600, epoch: 2 | loss: 0.4235793
	speed: 0.0227s/iter; left time: 1156.3418s
	iters: 700, epoch: 2 | loss: 0.4936279
	speed: 0.0208s/iter; left time: 1058.8093s
	iters: 800, epoch: 2 | loss: 0.4184314
	speed: 0.0220s/iter; left time: 1117.1279s
	iters: 900, epoch: 2 | loss: 0.4417660
	speed: 0.0213s/iter; left time: 1079.6883s
	iters: 1000, epoch: 2 | loss: 0.4847725
	speed: 0.0214s/iter; left time: 1081.2646s
	iters: 1100, epoch: 2 | loss: 0.4443511
	speed: 0.0209s/iter; left time: 1054.1410s
	iters: 1200, epoch: 2 | loss: 0.4551896
	speed: 0.0213s/iter; left time: 1075.8422s
	iters: 1300, epoch: 2 | loss: 0.4514062
	speed: 0.0215s/iter; left time: 1083.4952s
	iters: 1400, epoch: 2 | loss: 0.4031672
	speed: 0.0219s/iter; left time: 1098.5362s
	iters: 1500, epoch: 2 | loss: 0.4865541
	speed: 0.0224s/iter; left time: 1123.5441s
	iters: 1600, epoch: 2 | loss: 0.4545500
	speed: 0.0213s/iter; left time: 1064.2938s
	iters: 1700, epoch: 2 | loss: 0.5104232
	speed: 0.0213s/iter; left time: 1062.2976s
	iters: 1800, epoch: 2 | loss: 0.4915696
	speed: 0.0218s/iter; left time: 1086.7762s
	iters: 1900, epoch: 2 | loss: 0.3689162
	speed: 0.0214s/iter; left time: 1063.8156s
	iters: 2000, epoch: 2 | loss: 0.4408947
	speed: 0.0217s/iter; left time: 1077.3781s
	iters: 2100, epoch: 2 | loss: 0.3863662
	speed: 0.0217s/iter; left time: 1076.2554s
	iters: 2200, epoch: 2 | loss: 0.4368755
	speed: 0.0212s/iter; left time: 1046.1307s
	iters: 2300, epoch: 2 | loss: 0.4181524
	speed: 0.0217s/iter; left time: 1068.9153s
	iters: 2400, epoch: 2 | loss: 0.4639935
	speed: 0.0221s/iter; left time: 1085.7722s
	iters: 2500, epoch: 2 | loss: 0.3738861
	speed: 0.0201s/iter; left time: 984.8364s
	iters: 2600, epoch: 2 | loss: 0.5073788
	speed: 0.0215s/iter; left time: 1052.1918s
	iters: 2700, epoch: 2 | loss: 0.3534264
	speed: 0.0213s/iter; left time: 1042.4265s
	iters: 2800, epoch: 2 | loss: 0.4001909
	speed: 0.0216s/iter; left time: 1052.5407s
	iters: 2900, epoch: 2 | loss: 0.4316862
	speed: 0.0210s/iter; left time: 1022.8470s
	iters: 3000, epoch: 2 | loss: 0.4280221
	speed: 0.0217s/iter; left time: 1056.9371s
	iters: 3100, epoch: 2 | loss: 0.4601045
	speed: 0.0206s/iter; left time: 1000.0294s
	iters: 3200, epoch: 2 | loss: 0.4218984
	speed: 0.0209s/iter; left time: 1011.6200s
	iters: 3300, epoch: 2 | loss: 0.3958217
	speed: 0.0216s/iter; left time: 1041.0674s
	iters: 3400, epoch: 2 | loss: 0.4550910
	speed: 0.0211s/iter; left time: 1017.7769s
	iters: 3500, epoch: 2 | loss: 0.3859358
	speed: 0.0215s/iter; left time: 1034.3547s
	iters: 3600, epoch: 2 | loss: 0.3958183
	speed: 0.0211s/iter; left time: 1012.8306s
	iters: 3700, epoch: 2 | loss: 0.4225041
	speed: 0.0210s/iter; left time: 1006.0548s
	iters: 3800, epoch: 2 | loss: 0.3603014
	speed: 0.0219s/iter; left time: 1045.0178s
	iters: 3900, epoch: 2 | loss: 0.4411270
	speed: 0.0217s/iter; left time: 1035.3908s
	iters: 4000, epoch: 2 | loss: 0.3948394
	speed: 0.0205s/iter; left time: 976.4311s
	iters: 4100, epoch: 2 | loss: 0.4220434
	speed: 0.0207s/iter; left time: 983.1886s
	iters: 4200, epoch: 2 | loss: 0.3887683
	speed: 0.0212s/iter; left time: 1003.0995s
	iters: 4300, epoch: 2 | loss: 0.4099220
	speed: 0.0215s/iter; left time: 1016.3083s
	iters: 4400, epoch: 2 | loss: 0.4797067
	speed: 0.0209s/iter; left time: 984.9578s
	iters: 4500, epoch: 2 | loss: 0.4301671
	speed: 0.0217s/iter; left time: 1023.7634s
	iters: 4600, epoch: 2 | loss: 0.4195312
	speed: 0.0222s/iter; left time: 1044.8718s
	iters: 4700, epoch: 2 | loss: 0.4006940
	speed: 0.0213s/iter; left time: 999.6522s
	iters: 4800, epoch: 2 | loss: 0.4288113
	speed: 0.0211s/iter; left time: 985.3244s
	iters: 4900, epoch: 2 | loss: 0.3540476
	speed: 0.0211s/iter; left time: 986.8558s
	iters: 5000, epoch: 2 | loss: 0.4643562
	speed: 0.0218s/iter; left time: 1014.7476s
	iters: 5100, epoch: 2 | loss: 0.4500332
	speed: 0.0215s/iter; left time: 1000.5747s
	iters: 5200, epoch: 2 | loss: 0.4318752
	speed: 0.0212s/iter; left time: 981.3757s
	iters: 5300, epoch: 2 | loss: 0.4371010
	speed: 0.0215s/iter; left time: 993.2484s
	iters: 5400, epoch: 2 | loss: 0.4094703
	speed: 0.0265s/iter; left time: 1223.9891s
	iters: 5500, epoch: 2 | loss: 0.5447159
	speed: 0.0274s/iter; left time: 1262.1394s
	iters: 5600, epoch: 2 | loss: 0.4094630
	speed: 0.0269s/iter; left time: 1237.4349s
	iters: 5700, epoch: 2 | loss: 0.4299146
	speed: 0.0281s/iter; left time: 1289.1478s
Epoch: 2 cost time: 124.92600274085999
Epoch: 2, Steps: 5733 | Train Loss: 0.4268881 Vali Loss: 0.4951533 Test Loss: 0.5697602
Validation loss decreased (0.506324 --> 0.495153).  Saving model ...
Updating learning rate to 5e-05
	iters: 100, epoch: 3 | loss: 0.4273455
	speed: 0.3870s/iter; left time: 17708.9297s
	iters: 200, epoch: 3 | loss: 0.4799743
	speed: 0.0207s/iter; left time: 946.0644s
	iters: 300, epoch: 3 | loss: 0.4760228
	speed: 0.0220s/iter; left time: 1002.5001s
	iters: 400, epoch: 3 | loss: 0.4084132
	speed: 0.0214s/iter; left time: 974.6772s
	iters: 500, epoch: 3 | loss: 0.4214619
	speed: 0.0215s/iter; left time: 973.1213s
	iters: 600, epoch: 3 | loss: 0.3861329
	speed: 0.0214s/iter; left time: 969.0507s
	iters: 700, epoch: 3 | loss: 0.3897899
	speed: 0.0217s/iter; left time: 978.5524s
	iters: 800, epoch: 3 | loss: 0.3559012
	speed: 0.0216s/iter; left time: 974.0234s
	iters: 900, epoch: 3 | loss: 0.3882719
	speed: 0.0216s/iter; left time: 971.8755s
	iters: 1000, epoch: 3 | loss: 0.4032103
	speed: 0.0215s/iter; left time: 963.3496s
	iters: 1100, epoch: 3 | loss: 0.4316105
	speed: 0.0210s/iter; left time: 939.4882s
	iters: 1200, epoch: 3 | loss: 0.4255092
	speed: 0.0203s/iter; left time: 907.8908s
	iters: 1300, epoch: 3 | loss: 0.4431833
	speed: 0.0209s/iter; left time: 932.7161s
	iters: 1400, epoch: 3 | loss: 0.4406714
	speed: 0.0206s/iter; left time: 917.9951s
	iters: 1500, epoch: 3 | loss: 0.3486444
	speed: 0.0212s/iter; left time: 939.0775s
	iters: 1600, epoch: 3 | loss: 0.3881181
	speed: 0.0209s/iter; left time: 925.5753s
	iters: 1700, epoch: 3 | loss: 0.4092747
	speed: 0.0212s/iter; left time: 937.6000s
	iters: 1800, epoch: 3 | loss: 0.4112239
	speed: 0.0217s/iter; left time: 954.6914s
	iters: 1900, epoch: 3 | loss: 0.4254458
	speed: 0.0211s/iter; left time: 925.9106s
	iters: 2000, epoch: 3 | loss: 0.3766426
	speed: 0.0213s/iter; left time: 934.1184s
	iters: 2100, epoch: 3 | loss: 0.3817433
	speed: 0.0213s/iter; left time: 931.4191s
	iters: 2200, epoch: 3 | loss: 0.4229453
	speed: 0.0213s/iter; left time: 931.7089s
	iters: 2300, epoch: 3 | loss: 0.4651262
	speed: 0.0209s/iter; left time: 910.6056s
	iters: 2400, epoch: 3 | loss: 0.4602237
	speed: 0.0222s/iter; left time: 965.2263s
	iters: 2500, epoch: 3 | loss: 0.4404472
	speed: 0.0220s/iter; left time: 953.4159s
	iters: 2600, epoch: 3 | loss: 0.3708315
	speed: 0.0219s/iter; left time: 947.9925s
	iters: 2700, epoch: 3 | loss: 0.4535046
	speed: 0.0220s/iter; left time: 950.7758s
	iters: 2800, epoch: 3 | loss: 0.3964189
	speed: 0.0220s/iter; left time: 946.1043s
	iters: 2900, epoch: 3 | loss: 0.3793296
	speed: 0.0216s/iter; left time: 928.9654s
	iters: 3000, epoch: 3 | loss: 0.4108409
	speed: 0.0214s/iter; left time: 916.5577s
	iters: 3100, epoch: 3 | loss: 0.4358472
	speed: 0.0217s/iter; left time: 928.6820s
	iters: 3200, epoch: 3 | loss: 0.3932074
	speed: 0.0224s/iter; left time: 954.7005s
	iters: 3300, epoch: 3 | loss: 0.3994091
	speed: 0.0215s/iter; left time: 914.0569s
	iters: 3400, epoch: 3 | loss: 0.4027645
	speed: 0.0218s/iter; left time: 923.7366s
	iters: 3500, epoch: 3 | loss: 0.3875947
	speed: 0.0211s/iter; left time: 892.3292s
	iters: 3600, epoch: 3 | loss: 0.4908713
	speed: 0.0210s/iter; left time: 886.0179s
	iters: 3700, epoch: 3 | loss: 0.4737191
	speed: 0.0216s/iter; left time: 911.2364s
	iters: 3800, epoch: 3 | loss: 0.4149704
	speed: 0.0214s/iter; left time: 900.8592s
	iters: 3900, epoch: 3 | loss: 0.3998993
	speed: 0.0206s/iter; left time: 865.0549s
	iters: 4000, epoch: 3 | loss: 0.3904641
	speed: 0.0218s/iter; left time: 914.0192s
	iters: 4100, epoch: 3 | loss: 0.4142655
	speed: 0.0208s/iter; left time: 869.1551s
	iters: 4200, epoch: 3 | loss: 0.4073684
	speed: 0.0227s/iter; left time: 944.3878s
	iters: 4300, epoch: 3 | loss: 0.4475522
	speed: 0.0219s/iter; left time: 910.7616s
	iters: 4400, epoch: 3 | loss: 0.3945672
	speed: 0.0213s/iter; left time: 884.0619s
	iters: 4500, epoch: 3 | loss: 0.4060069
	speed: 0.0212s/iter; left time: 877.9581s
	iters: 4600, epoch: 3 | loss: 0.3994091
	speed: 0.0229s/iter; left time: 946.6764s
	iters: 4700, epoch: 3 | loss: 0.3748515
	speed: 0.0213s/iter; left time: 878.1172s
	iters: 4800, epoch: 3 | loss: 0.3740673
	speed: 0.0210s/iter; left time: 861.5861s
	iters: 4900, epoch: 3 | loss: 0.4018950
	speed: 0.0214s/iter; left time: 878.2283s
	iters: 5000, epoch: 3 | loss: 0.4188330
	speed: 0.0211s/iter; left time: 863.4470s
	iters: 5100, epoch: 3 | loss: 0.3921536
	speed: 0.0239s/iter; left time: 974.7289s
	iters: 5200, epoch: 3 | loss: 0.3930932
	speed: 0.0280s/iter; left time: 1138.5928s
	iters: 5300, epoch: 3 | loss: 0.3932795
	speed: 0.0282s/iter; left time: 1144.2625s
	iters: 5400, epoch: 3 | loss: 0.4657939
	speed: 0.0252s/iter; left time: 1021.2633s
	iters: 5500, epoch: 3 | loss: 0.4514767
	speed: 0.0274s/iter; left time: 1106.1046s
	iters: 5600, epoch: 3 | loss: 0.4160895
	speed: 0.0266s/iter; left time: 1069.3190s
	iters: 5700, epoch: 3 | loss: 0.4036610
	speed: 0.0274s/iter; left time: 1101.5461s
Epoch: 3 cost time: 126.74449396133423
Epoch: 3, Steps: 5733 | Train Loss: 0.4117240 Vali Loss: 0.4850780 Test Loss: 0.5595922
Validation loss decreased (0.495153 --> 0.485078).  Saving model ...
Updating learning rate to 2.5e-05
	iters: 100, epoch: 4 | loss: 0.4028268
	speed: 0.3455s/iter; left time: 13832.5301s
	iters: 200, epoch: 4 | loss: 0.3946473
	speed: 0.0205s/iter; left time: 820.0198s
	iters: 300, epoch: 4 | loss: 0.3865505
	speed: 0.0210s/iter; left time: 837.2822s
	iters: 400, epoch: 4 | loss: 0.4663088
	speed: 0.0208s/iter; left time: 827.3850s
	iters: 500, epoch: 4 | loss: 0.3450143
	speed: 0.0216s/iter; left time: 857.8117s
	iters: 600, epoch: 4 | loss: 0.3930077
	speed: 0.0213s/iter; left time: 841.7569s
	iters: 700, epoch: 4 | loss: 0.3734026
	speed: 0.0208s/iter; left time: 819.6616s
	iters: 800, epoch: 4 | loss: 0.3655889
	speed: 0.0262s/iter; left time: 1029.7892s
	iters: 900, epoch: 4 | loss: 0.4238023
	speed: 0.0212s/iter; left time: 833.4634s
	iters: 1000, epoch: 4 | loss: 0.4145882
	speed: 0.0204s/iter; left time: 799.1218s
	iters: 1100, epoch: 4 | loss: 0.3650990
	speed: 0.0202s/iter; left time: 788.1016s
	iters: 1200, epoch: 4 | loss: 0.4501348
	speed: 0.0188s/iter; left time: 730.6682s
	iters: 1300, epoch: 4 | loss: 0.4379577
	speed: 0.0185s/iter; left time: 718.9908s
	iters: 1400, epoch: 4 | loss: 0.3564725
	speed: 0.0183s/iter; left time: 709.4658s
	iters: 1500, epoch: 4 | loss: 0.3406672
	speed: 0.0187s/iter; left time: 721.1232s
	iters: 1600, epoch: 4 | loss: 0.3833453
	speed: 0.0184s/iter; left time: 709.2229s
	iters: 1700, epoch: 4 | loss: 0.4490344
	speed: 0.0184s/iter; left time: 706.4110s
	iters: 1800, epoch: 4 | loss: 0.4333915
	speed: 0.0183s/iter; left time: 701.7306s
	iters: 1900, epoch: 4 | loss: 0.3942478
	speed: 0.0185s/iter; left time: 707.3300s
	iters: 2000, epoch: 4 | loss: 0.3756398
	speed: 0.0185s/iter; left time: 704.2260s
	iters: 2100, epoch: 4 | loss: 0.3734540
	speed: 0.0180s/iter; left time: 686.3453s
	iters: 2200, epoch: 4 | loss: 0.5394639
	speed: 0.0184s/iter; left time: 696.9928s
	iters: 2300, epoch: 4 | loss: 0.4007477
	speed: 0.0183s/iter; left time: 690.5534s
	iters: 2400, epoch: 4 | loss: 0.3595497
	speed: 0.0183s/iter; left time: 688.9597s
	iters: 2500, epoch: 4 | loss: 0.3959209
	speed: 0.0183s/iter; left time: 689.8090s
	iters: 2600, epoch: 4 | loss: 0.4108667
	speed: 0.0183s/iter; left time: 686.6158s
	iters: 2700, epoch: 4 | loss: 0.4227385
	speed: 0.0183s/iter; left time: 684.6852s
	iters: 2800, epoch: 4 | loss: 0.3764731
	speed: 0.0184s/iter; left time: 688.6258s
	iters: 2900, epoch: 4 | loss: 0.3788354
	speed: 0.0184s/iter; left time: 684.1993s
	iters: 3000, epoch: 4 | loss: 0.3796876
	speed: 0.0185s/iter; left time: 687.3026s
	iters: 3100, epoch: 4 | loss: 0.3545537
	speed: 0.0183s/iter; left time: 676.3736s
	iters: 3200, epoch: 4 | loss: 0.3575236
	speed: 0.0185s/iter; left time: 684.8982s
	iters: 3300, epoch: 4 | loss: 0.3871071
	speed: 0.0183s/iter; left time: 673.4967s
	iters: 3400, epoch: 4 | loss: 0.4326517
	speed: 0.0186s/iter; left time: 681.6981s
	iters: 3500, epoch: 4 | loss: 0.3503436
	speed: 0.0184s/iter; left time: 674.9878s
	iters: 3600, epoch: 4 | loss: 0.4058357
	speed: 0.0185s/iter; left time: 674.5330s
	iters: 3700, epoch: 4 | loss: 0.3824657
	speed: 0.0185s/iter; left time: 673.0336s
	iters: 3800, epoch: 4 | loss: 0.3763910
	speed: 0.0187s/iter; left time: 681.1337s
	iters: 3900, epoch: 4 | loss: 0.4971355
	speed: 0.0184s/iter; left time: 666.9563s
	iters: 4000, epoch: 4 | loss: 0.4143684
	speed: 0.0183s/iter; left time: 659.5518s
	iters: 4100, epoch: 4 | loss: 0.4047274
	speed: 0.0183s/iter; left time: 658.9633s
	iters: 4200, epoch: 4 | loss: 0.3771354
	speed: 0.0185s/iter; left time: 664.7038s
	iters: 4300, epoch: 4 | loss: 0.3803744
	speed: 0.0183s/iter; left time: 654.7205s
	iters: 4400, epoch: 4 | loss: 0.4096487
	speed: 0.0183s/iter; left time: 654.0010s
	iters: 4500, epoch: 4 | loss: 0.3765426
	speed: 0.0187s/iter; left time: 665.3882s
	iters: 4600, epoch: 4 | loss: 0.3659447
	speed: 0.0185s/iter; left time: 659.1167s
	iters: 4700, epoch: 4 | loss: 0.3175571
	speed: 0.0184s/iter; left time: 650.9517s
	iters: 4800, epoch: 4 | loss: 0.4419658
	speed: 0.0184s/iter; left time: 649.3359s
	iters: 4900, epoch: 4 | loss: 0.4369722
	speed: 0.0193s/iter; left time: 678.8918s
	iters: 5000, epoch: 4 | loss: 0.4074647
	speed: 0.0196s/iter; left time: 686.9294s
	iters: 5100, epoch: 4 | loss: 0.3806348
	speed: 0.0182s/iter; left time: 637.8649s
	iters: 5200, epoch: 4 | loss: 0.3600437
	speed: 0.0188s/iter; left time: 656.5049s
	iters: 5300, epoch: 4 | loss: 0.4319450
	speed: 0.0186s/iter; left time: 649.3068s
	iters: 5400, epoch: 4 | loss: 0.4567389
	speed: 0.0184s/iter; left time: 639.4405s
	iters: 5500, epoch: 4 | loss: 0.3562002
	speed: 0.0185s/iter; left time: 642.3781s
	iters: 5600, epoch: 4 | loss: 0.3631677
	speed: 0.0183s/iter; left time: 630.9748s
	iters: 5700, epoch: 4 | loss: 0.3839701
	speed: 0.0184s/iter; left time: 632.6746s
Epoch: 4 cost time: 109.14199352264404
Epoch: 4, Steps: 5733 | Train Loss: 0.4062141 Vali Loss: 0.4821122 Test Loss: 0.5550442
Validation loss decreased (0.485078 --> 0.482112).  Saving model ...
Updating learning rate to 1.25e-05
	iters: 100, epoch: 5 | loss: 0.3391647
	speed: 0.2468s/iter; left time: 8464.0526s
	iters: 200, epoch: 5 | loss: 0.3879311
	speed: 0.0266s/iter; left time: 910.7179s
	iters: 300, epoch: 5 | loss: 0.5432035
	speed: 0.0253s/iter; left time: 861.9514s
	iters: 400, epoch: 5 | loss: 0.4348386
	speed: 0.0262s/iter; left time: 890.7652s
	iters: 500, epoch: 5 | loss: 0.3717761
	speed: 0.0251s/iter; left time: 852.2534s
	iters: 600, epoch: 5 | loss: 0.3958267
	speed: 0.0256s/iter; left time: 866.3657s
	iters: 700, epoch: 5 | loss: 0.3417684
	speed: 0.0233s/iter; left time: 786.2426s
	iters: 800, epoch: 5 | loss: 0.4136541
	speed: 0.0200s/iter; left time: 671.7454s
	iters: 900, epoch: 5 | loss: 0.4063852
	speed: 0.0194s/iter; left time: 648.4432s
	iters: 1000, epoch: 5 | loss: 0.4160193
	speed: 0.0185s/iter; left time: 618.5761s
	iters: 1100, epoch: 5 | loss: 0.3658642
	speed: 0.0186s/iter; left time: 619.6854s
	iters: 1200, epoch: 5 | loss: 0.5178806
	speed: 0.0202s/iter; left time: 671.0323s
	iters: 1300, epoch: 5 | loss: 0.3628255
	speed: 0.0243s/iter; left time: 803.6134s
	iters: 1400, epoch: 5 | loss: 0.3643691
	speed: 0.0241s/iter; left time: 795.3400s
	iters: 1500, epoch: 5 | loss: 0.4104657
	speed: 0.0236s/iter; left time: 777.2215s
	iters: 1600, epoch: 5 | loss: 0.3953849
	speed: 0.0240s/iter; left time: 786.1136s
	iters: 1700, epoch: 5 | loss: 0.4327992
	speed: 0.0234s/iter; left time: 765.4844s
	iters: 1800, epoch: 5 | loss: 0.3832258
	speed: 0.0248s/iter; left time: 808.1596s
	iters: 1900, epoch: 5 | loss: 0.4315651
	speed: 0.0224s/iter; left time: 728.3231s
	iters: 2000, epoch: 5 | loss: 0.3889217
	speed: 0.0203s/iter; left time: 658.1091s
	iters: 2100, epoch: 5 | loss: 0.3643638
	speed: 0.0183s/iter; left time: 591.8924s
	iters: 2200, epoch: 5 | loss: 0.3977603
	speed: 0.0206s/iter; left time: 662.8355s
	iters: 2300, epoch: 5 | loss: 0.3793426
	speed: 0.0182s/iter; left time: 584.6157s
	iters: 2400, epoch: 5 | loss: 0.4302399
	speed: 0.0187s/iter; left time: 599.5060s
	iters: 2500, epoch: 5 | loss: 0.3736441
	speed: 0.0184s/iter; left time: 586.5937s
	iters: 2600, epoch: 5 | loss: 0.3613261
	speed: 0.0185s/iter; left time: 588.0291s
	iters: 2700, epoch: 5 | loss: 0.4729358
	speed: 0.0183s/iter; left time: 578.6328s
	iters: 2800, epoch: 5 | loss: 0.3876293
	speed: 0.0185s/iter; left time: 583.5967s
	iters: 2900, epoch: 5 | loss: 0.4373321
	speed: 0.0182s/iter; left time: 573.8948s
	iters: 3000, epoch: 5 | loss: 0.4096372
	speed: 0.0190s/iter; left time: 597.6299s
	iters: 3100, epoch: 5 | loss: 0.3845651
	speed: 0.0203s/iter; left time: 635.9995s
	iters: 3200, epoch: 5 | loss: 0.3376194
	speed: 0.0185s/iter; left time: 576.6552s
	iters: 3300, epoch: 5 | loss: 0.3883534
	speed: 0.0186s/iter; left time: 578.8748s
	iters: 3400, epoch: 5 | loss: 0.3209570
	speed: 0.0194s/iter; left time: 600.6819s
	iters: 3500, epoch: 5 | loss: 0.3904305
	speed: 0.0249s/iter; left time: 768.9181s
	iters: 3600, epoch: 5 | loss: 0.3644606
	speed: 0.0252s/iter; left time: 776.4127s
	iters: 3700, epoch: 5 | loss: 0.4125479
	speed: 0.0240s/iter; left time: 736.6437s
	iters: 3800, epoch: 5 | loss: 0.4128107
	speed: 0.0240s/iter; left time: 733.0319s
	iters: 3900, epoch: 5 | loss: 0.4190177
	speed: 0.0227s/iter; left time: 692.7106s
	iters: 4000, epoch: 5 | loss: 0.3748263
	speed: 0.0194s/iter; left time: 591.0991s
	iters: 4100, epoch: 5 | loss: 0.3587825
	speed: 0.0196s/iter; left time: 595.1267s
	iters: 4200, epoch: 5 | loss: 0.3746746
	speed: 0.0184s/iter; left time: 556.6277s
	iters: 4300, epoch: 5 | loss: 0.4159205
	speed: 0.0185s/iter; left time: 555.8328s
	iters: 4400, epoch: 5 | loss: 0.4513092
	speed: 0.0213s/iter; left time: 637.7275s
	iters: 4500, epoch: 5 | loss: 0.3503883
	speed: 0.0288s/iter; left time: 861.9866s
	iters: 4600, epoch: 5 | loss: 0.4143634
	speed: 0.0225s/iter; left time: 669.5032s
	iters: 4700, epoch: 5 | loss: 0.4061104
	speed: 0.0239s/iter; left time: 709.2396s
	iters: 4800, epoch: 5 | loss: 0.3781602
	speed: 0.0241s/iter; left time: 714.7489s
	iters: 4900, epoch: 5 | loss: 0.3826294
	speed: 0.0262s/iter; left time: 772.3139s
	iters: 5000, epoch: 5 | loss: 0.3381244
	speed: 0.0234s/iter; left time: 686.6685s
	iters: 5100, epoch: 5 | loss: 0.3940697
	speed: 0.0250s/iter; left time: 732.0595s
	iters: 5200, epoch: 5 | loss: 0.3862897
	speed: 0.0244s/iter; left time: 712.3815s
	iters: 5300, epoch: 5 | loss: 0.4000033
	speed: 0.0248s/iter; left time: 722.4895s
	iters: 5400, epoch: 5 | loss: 0.5275593
	speed: 0.0238s/iter; left time: 689.0301s
	iters: 5500, epoch: 5 | loss: 0.3481867
	speed: 0.0185s/iter; left time: 534.8801s
	iters: 5600, epoch: 5 | loss: 0.3555099
	speed: 0.0204s/iter; left time: 586.7918s
	iters: 5700, epoch: 5 | loss: 0.3750865
	speed: 0.0182s/iter; left time: 521.9305s
Epoch: 5 cost time: 125.20067191123962
Epoch: 5, Steps: 5733 | Train Loss: 0.4038012 Vali Loss: 0.4808282 Test Loss: 0.5529042
Validation loss decreased (0.482112 --> 0.480828).  Saving model ...
Updating learning rate to 6.25e-06
	iters: 100, epoch: 6 | loss: 0.4265751
	speed: 0.2137s/iter; left time: 6103.2365s
	iters: 200, epoch: 6 | loss: 0.3515037
	speed: 0.0184s/iter; left time: 523.7412s
	iters: 300, epoch: 6 | loss: 0.4605355
	speed: 0.0185s/iter; left time: 525.2378s
	iters: 400, epoch: 6 | loss: 0.4117516
	speed: 0.0187s/iter; left time: 527.5126s
	iters: 500, epoch: 6 | loss: 0.4291192
	speed: 0.0184s/iter; left time: 517.0654s
	iters: 600, epoch: 6 | loss: 0.3770070
	speed: 0.0185s/iter; left time: 518.3958s
	iters: 700, epoch: 6 | loss: 0.4494171
	speed: 0.0185s/iter; left time: 517.6851s
	iters: 800, epoch: 6 | loss: 0.4560048
	speed: 0.0183s/iter; left time: 510.8687s
	iters: 900, epoch: 6 | loss: 0.3702810
	speed: 0.0184s/iter; left time: 511.7855s
	iters: 1000, epoch: 6 | loss: 0.4709780
	speed: 0.0185s/iter; left time: 512.7679s
	iters: 1100, epoch: 6 | loss: 0.4021262
	speed: 0.0182s/iter; left time: 502.6224s
	iters: 1200, epoch: 6 | loss: 0.3635223
	speed: 0.0182s/iter; left time: 500.9632s
	iters: 1300, epoch: 6 | loss: 0.4517082
	speed: 0.0182s/iter; left time: 498.7738s
	iters: 1400, epoch: 6 | loss: 0.3249018
	speed: 0.0187s/iter; left time: 510.2410s
	iters: 1500, epoch: 6 | loss: 0.3428382
	speed: 0.0212s/iter; left time: 575.0001s
	iters: 1600, epoch: 6 | loss: 0.4160483
	speed: 0.0186s/iter; left time: 503.5030s
	iters: 1700, epoch: 6 | loss: 0.3627056
	speed: 0.0185s/iter; left time: 499.7849s
	iters: 1800, epoch: 6 | loss: 0.3639302
	speed: 0.0187s/iter; left time: 502.1247s
	iters: 1900, epoch: 6 | loss: 0.3549921
	speed: 0.0215s/iter; left time: 575.5583s
	iters: 2000, epoch: 6 | loss: 0.4040749
	speed: 0.0199s/iter; left time: 531.4603s
	iters: 2100, epoch: 6 | loss: 0.3368250
	speed: 0.0201s/iter; left time: 533.2510s
	iters: 2200, epoch: 6 | loss: 0.3993246
	speed: 0.0268s/iter; left time: 708.7134s
	iters: 2300, epoch: 6 | loss: 0.4189253
	speed: 0.0313s/iter; left time: 824.1940s
	iters: 2400, epoch: 6 | loss: 0.4111059
	speed: 0.0207s/iter; left time: 543.6339s
	iters: 2500, epoch: 6 | loss: 0.4579843
	speed: 0.0208s/iter; left time: 543.5541s
	iters: 2600, epoch: 6 | loss: 0.4045362
	speed: 0.0246s/iter; left time: 641.5320s
	iters: 2700, epoch: 6 | loss: 0.3633071
	speed: 0.0319s/iter; left time: 828.4889s
	iters: 2800, epoch: 6 | loss: 0.3804027
	speed: 0.0208s/iter; left time: 537.7131s
	iters: 2900, epoch: 6 | loss: 0.4235895
	speed: 0.0207s/iter; left time: 533.9471s
	iters: 3000, epoch: 6 | loss: 0.3530580
	speed: 0.0278s/iter; left time: 712.5499s
	iters: 3100, epoch: 6 | loss: 0.4114949
	speed: 0.0304s/iter; left time: 776.0294s
	iters: 3200, epoch: 6 | loss: 0.3855913
	speed: 0.0213s/iter; left time: 541.9060s
	iters: 3300, epoch: 6 | loss: 0.3636573
	speed: 0.0206s/iter; left time: 521.4060s
	iters: 3400, epoch: 6 | loss: 0.5354603
	speed: 0.0309s/iter; left time: 779.8400s
	iters: 3500, epoch: 6 | loss: 0.4466081
	speed: 0.0263s/iter; left time: 661.5649s
	iters: 3600, epoch: 6 | loss: 0.3852708
	speed: 0.0211s/iter; left time: 528.8862s
	iters: 3700, epoch: 6 | loss: 0.4044837
	speed: 0.0209s/iter; left time: 521.7243s
	iters: 3800, epoch: 6 | loss: 0.3847464
	speed: 0.0314s/iter; left time: 781.0502s
	iters: 3900, epoch: 6 | loss: 0.4445389
	speed: 0.0255s/iter; left time: 632.6883s
	iters: 4000, epoch: 6 | loss: 0.3765182
	speed: 0.0206s/iter; left time: 508.3404s
	iters: 4100, epoch: 6 | loss: 0.3879229
	speed: 0.0199s/iter; left time: 488.2070s
	iters: 4200, epoch: 6 | loss: 0.3881370
	speed: 0.0186s/iter; left time: 456.0835s
	iters: 4300, epoch: 6 | loss: 0.3532961
	speed: 0.0198s/iter; left time: 482.6119s
	iters: 4400, epoch: 6 | loss: 0.4150923
	speed: 0.0194s/iter; left time: 470.7856s
	iters: 4500, epoch: 6 | loss: 0.4203846
	speed: 0.0184s/iter; left time: 444.3880s
	iters: 4600, epoch: 6 | loss: 0.3876912
	speed: 0.0186s/iter; left time: 446.9404s
	iters: 4700, epoch: 6 | loss: 0.4080210
	speed: 0.0209s/iter; left time: 501.7442s
	iters: 4800, epoch: 6 | loss: 0.4796231
	speed: 0.0225s/iter; left time: 537.7850s
	iters: 4900, epoch: 6 | loss: 0.3694005
	speed: 0.0213s/iter; left time: 505.1939s
	iters: 5000, epoch: 6 | loss: 0.4304379
	speed: 0.0250s/iter; left time: 592.8295s
	iters: 5100, epoch: 6 | loss: 0.3545555
	speed: 0.0342s/iter; left time: 806.7201s
	iters: 5200, epoch: 6 | loss: 0.4457426
	speed: 0.0207s/iter; left time: 485.2422s
	iters: 5300, epoch: 6 | loss: 0.3887717
	speed: 0.0214s/iter; left time: 500.4123s
	iters: 5400, epoch: 6 | loss: 0.4376805
	speed: 0.0238s/iter; left time: 553.7082s
	iters: 5500, epoch: 6 | loss: 0.3928904
	speed: 0.0372s/iter; left time: 862.7868s
	iters: 5600, epoch: 6 | loss: 0.3462390
	speed: 0.0214s/iter; left time: 492.6307s
	iters: 5700, epoch: 6 | loss: 0.4321499
	speed: 0.0224s/iter; left time: 514.1447s
Epoch: 6 cost time: 126.3436827659607
Epoch: 6, Steps: 5733 | Train Loss: 0.4026021 Vali Loss: 0.4789277 Test Loss: 0.5517694
Validation loss decreased (0.480828 --> 0.478928).  Saving model ...
Updating learning rate to 3.125e-06
	iters: 100, epoch: 7 | loss: 0.3444493
	speed: 0.3438s/iter; left time: 7850.8070s
	iters: 200, epoch: 7 | loss: 0.4337551
	speed: 0.0360s/iter; left time: 818.6479s
	iters: 300, epoch: 7 | loss: 0.4924761
	speed: 0.0192s/iter; left time: 435.1062s
	iters: 400, epoch: 7 | loss: 0.4646894
	speed: 0.0205s/iter; left time: 461.3160s
	iters: 500, epoch: 7 | loss: 0.3544885
	speed: 0.0209s/iter; left time: 468.1706s
	iters: 600, epoch: 7 | loss: 0.3628825
	speed: 0.0182s/iter; left time: 405.3850s
	iters: 700, epoch: 7 | loss: 0.5702364
	speed: 0.0187s/iter; left time: 416.1818s
	iters: 800, epoch: 7 | loss: 0.3893911
	speed: 0.0208s/iter; left time: 459.3007s
	iters: 900, epoch: 7 | loss: 0.4251865
	speed: 0.0199s/iter; left time: 438.9197s
	iters: 1000, epoch: 7 | loss: 0.3782822
	speed: 0.0185s/iter; left time: 406.8026s
	iters: 1100, epoch: 7 | loss: 0.3754613
	speed: 0.0186s/iter; left time: 405.2603s
	iters: 1200, epoch: 7 | loss: 0.4193062
	speed: 0.0185s/iter; left time: 401.8223s
	iters: 1300, epoch: 7 | loss: 0.4551061
	speed: 0.0188s/iter; left time: 405.8071s
	iters: 1400, epoch: 7 | loss: 0.4612992
	speed: 0.0191s/iter; left time: 410.5271s
	iters: 1500, epoch: 7 | loss: 0.4256208
	speed: 0.0184s/iter; left time: 393.8347s
	iters: 1600, epoch: 7 | loss: 0.3520976
	speed: 0.0183s/iter; left time: 390.0626s
	iters: 1700, epoch: 7 | loss: 0.3889549
	speed: 0.0184s/iter; left time: 391.1789s
	iters: 1800, epoch: 7 | loss: 0.4516139
	speed: 0.0185s/iter; left time: 391.1362s
	iters: 1900, epoch: 7 | loss: 0.4068421
	speed: 0.0185s/iter; left time: 388.7762s
	iters: 2000, epoch: 7 | loss: 0.4542141
	speed: 0.0185s/iter; left time: 387.1811s
	iters: 2100, epoch: 7 | loss: 0.4414264
	speed: 0.0184s/iter; left time: 384.3308s
	iters: 2200, epoch: 7 | loss: 0.5059768
	speed: 0.0191s/iter; left time: 395.8770s
	iters: 2300, epoch: 7 | loss: 0.4285673
	speed: 0.0184s/iter; left time: 379.1332s
	iters: 2400, epoch: 7 | loss: 0.3917522
	speed: 0.0194s/iter; left time: 397.5000s
	iters: 2500, epoch: 7 | loss: 0.3924176
	speed: 0.0183s/iter; left time: 374.5794s
	iters: 2600, epoch: 7 | loss: 0.3926031
	speed: 0.0187s/iter; left time: 379.8515s
	iters: 2700, epoch: 7 | loss: 0.4545583
	speed: 0.0183s/iter; left time: 369.8754s
	iters: 2800, epoch: 7 | loss: 0.3673198
	speed: 0.0190s/iter; left time: 382.8265s
	iters: 2900, epoch: 7 | loss: 0.4850728
	speed: 0.0186s/iter; left time: 372.1911s
	iters: 3000, epoch: 7 | loss: 0.4405995
	speed: 0.0193s/iter; left time: 383.9670s
	iters: 3100, epoch: 7 | loss: 0.4351214
	speed: 0.0183s/iter; left time: 362.3195s
	iters: 3200, epoch: 7 | loss: 0.4638039
	speed: 0.0182s/iter; left time: 358.1840s
	iters: 3300, epoch: 7 | loss: 0.3919631
	speed: 0.0185s/iter; left time: 362.6499s
	iters: 3400, epoch: 7 | loss: 0.4258946
	speed: 0.0184s/iter; left time: 359.0982s
	iters: 3500, epoch: 7 | loss: 0.4285013
	speed: 0.0183s/iter; left time: 354.9700s
	iters: 3600, epoch: 7 | loss: 0.3810032
	speed: 0.0189s/iter; left time: 366.2980s
	iters: 3700, epoch: 7 | loss: 0.4152148
	speed: 0.0189s/iter; left time: 362.5640s
	iters: 3800, epoch: 7 | loss: 0.3815984
	speed: 0.0184s/iter; left time: 352.6527s
	iters: 3900, epoch: 7 | loss: 0.4053235
	speed: 0.0185s/iter; left time: 351.4366s
	iters: 4000, epoch: 7 | loss: 0.4428656
	speed: 0.0186s/iter; left time: 352.8497s
	iters: 4100, epoch: 7 | loss: 0.4543396
	speed: 0.0196s/iter; left time: 369.2433s
	iters: 4200, epoch: 7 | loss: 0.3993332
	speed: 0.0204s/iter; left time: 382.1292s
	iters: 4300, epoch: 7 | loss: 0.3348513
	speed: 0.0183s/iter; left time: 340.6208s
	iters: 4400, epoch: 7 | loss: 0.3677947
	speed: 0.0188s/iter; left time: 349.2181s
	iters: 4500, epoch: 7 | loss: 0.4005445
	speed: 0.0211s/iter; left time: 389.4664s
	iters: 4600, epoch: 7 | loss: 0.4135290
	speed: 0.0228s/iter; left time: 417.1087s
	iters: 4700, epoch: 7 | loss: 0.4017467
	speed: 0.0226s/iter; left time: 412.4107s
	iters: 4800, epoch: 7 | loss: 0.3870920
	speed: 0.0329s/iter; left time: 596.9788s
	iters: 4900, epoch: 7 | loss: 0.3916680
	speed: 0.0247s/iter; left time: 445.7428s
	iters: 5000, epoch: 7 | loss: 0.3794996
	speed: 0.0218s/iter; left time: 391.1127s
	iters: 5100, epoch: 7 | loss: 0.4056295
	speed: 0.0209s/iter; left time: 372.0865s
	iters: 5200, epoch: 7 | loss: 0.3822234
	speed: 0.0342s/iter; left time: 607.3445s
	iters: 5300, epoch: 7 | loss: 0.3557034
	speed: 0.0215s/iter; left time: 378.6879s
	iters: 5400, epoch: 7 | loss: 0.3896382
	speed: 0.0218s/iter; left time: 382.6378s
	iters: 5500, epoch: 7 | loss: 0.4114303
	speed: 0.0216s/iter; left time: 376.6453s
	iters: 5600, epoch: 7 | loss: 0.4038853
	speed: 0.0358s/iter; left time: 620.0745s
	iters: 5700, epoch: 7 | loss: 0.3740517
	speed: 0.0224s/iter; left time: 386.1723s
Epoch: 7 cost time: 118.37044095993042
Epoch: 7, Steps: 5733 | Train Loss: 0.4020607 Vali Loss: 0.4787293 Test Loss: 0.5510414
Validation loss decreased (0.478928 --> 0.478729).  Saving model ...
Updating learning rate to 1.5625e-06
	iters: 100, epoch: 8 | loss: 0.3712186
	speed: 0.3312s/iter; left time: 5663.1686s
	iters: 200, epoch: 8 | loss: 0.4453555
	speed: 0.0181s/iter; left time: 308.4049s
	iters: 300, epoch: 8 | loss: 0.4361659
	speed: 0.0205s/iter; left time: 347.2795s
	iters: 400, epoch: 8 | loss: 0.4140259
	speed: 0.0182s/iter; left time: 305.6121s
	iters: 500, epoch: 8 | loss: 0.3870823
	speed: 0.0184s/iter; left time: 306.7648s
	iters: 600, epoch: 8 | loss: 0.3586708
	speed: 0.0279s/iter; left time: 462.3201s
	iters: 700, epoch: 8 | loss: 0.3938200
	speed: 0.0442s/iter; left time: 730.1190s
	iters: 800, epoch: 8 | loss: 0.4599396
	speed: 0.0413s/iter; left time: 677.4416s
	iters: 900, epoch: 8 | loss: 0.3327836
	speed: 0.0374s/iter; left time: 610.2877s
	iters: 1000, epoch: 8 | loss: 0.3778932
	speed: 0.0413s/iter; left time: 669.8087s
	iters: 1100, epoch: 8 | loss: 0.4888857
	speed: 0.0217s/iter; left time: 348.6983s
	iters: 1200, epoch: 8 | loss: 0.4116849
	speed: 0.0206s/iter; left time: 330.3712s
	iters: 1300, epoch: 8 | loss: 0.3630701
	speed: 0.0217s/iter; left time: 345.0624s
	iters: 1400, epoch: 8 | loss: 0.3703230
	speed: 0.0375s/iter; left time: 592.4272s
	iters: 1500, epoch: 8 | loss: 0.4016545
	speed: 0.0202s/iter; left time: 317.1486s
	iters: 1600, epoch: 8 | loss: 0.3959845
	speed: 0.0213s/iter; left time: 331.8394s
	iters: 1700, epoch: 8 | loss: 0.3469282
	speed: 0.0217s/iter; left time: 335.9685s
	iters: 1800, epoch: 8 | loss: 0.3576227
	speed: 0.0381s/iter; left time: 586.2603s
	iters: 1900, epoch: 8 | loss: 0.4260996
	speed: 0.0216s/iter; left time: 331.0348s
	iters: 2000, epoch: 8 | loss: 0.3554853
	speed: 0.0212s/iter; left time: 321.9042s
	iters: 2100, epoch: 8 | loss: 0.3864754
	speed: 0.0217s/iter; left time: 327.6789s
	iters: 2200, epoch: 8 | loss: 0.3383266
	speed: 0.0369s/iter; left time: 553.0402s
	iters: 2300, epoch: 8 | loss: 0.4202028
	speed: 0.0237s/iter; left time: 353.2855s
	iters: 2400, epoch: 8 | loss: 0.3991623
	speed: 0.0203s/iter; left time: 299.8807s
	iters: 2500, epoch: 8 | loss: 0.3883116
	speed: 0.0224s/iter; left time: 329.8720s
	iters: 2600, epoch: 8 | loss: 0.4044981
	speed: 0.0313s/iter; left time: 456.6279s
	iters: 2700, epoch: 8 | loss: 0.3867864
	speed: 0.0276s/iter; left time: 399.7680s
	iters: 2800, epoch: 8 | loss: 0.4941829
	speed: 0.0200s/iter; left time: 288.6452s
	iters: 2900, epoch: 8 | loss: 0.4014049
	speed: 0.0217s/iter; left time: 309.9857s
	iters: 3000, epoch: 8 | loss: 0.3740059
	speed: 0.0195s/iter; left time: 277.1008s
	iters: 3100, epoch: 8 | loss: 0.4286736
	speed: 0.0186s/iter; left time: 262.1067s
	iters: 3200, epoch: 8 | loss: 0.4353309
	speed: 0.0184s/iter; left time: 258.1376s
	iters: 3300, epoch: 8 | loss: 0.4022935
	speed: 0.0209s/iter; left time: 290.2650s
	iters: 3400, epoch: 8 | loss: 0.3614205
	speed: 0.0190s/iter; left time: 261.6626s
	iters: 3500, epoch: 8 | loss: 0.4202297
	speed: 0.0182s/iter; left time: 249.6005s
	iters: 3600, epoch: 8 | loss: 0.3820092
	speed: 0.0186s/iter; left time: 253.5833s
	iters: 3700, epoch: 8 | loss: 0.4671673
	speed: 0.0201s/iter; left time: 271.7605s
	iters: 3800, epoch: 8 | loss: 0.3261263
	speed: 0.0197s/iter; left time: 264.2350s
	iters: 3900, epoch: 8 | loss: 0.4233462
	speed: 0.0213s/iter; left time: 283.2412s
	iters: 4000, epoch: 8 | loss: 0.3859903
	speed: 0.0192s/iter; left time: 253.8119s
	iters: 4100, epoch: 8 | loss: 0.3466232
	speed: 0.0210s/iter; left time: 274.8291s
	iters: 4200, epoch: 8 | loss: 0.3537564
	speed: 0.0185s/iter; left time: 240.3836s
	iters: 4300, epoch: 8 | loss: 0.3559259
	speed: 0.0183s/iter; left time: 235.9970s
	iters: 4400, epoch: 8 | loss: 0.4883969
	speed: 0.0192s/iter; left time: 246.2760s
	iters: 4500, epoch: 8 | loss: 0.4119403
	speed: 0.0236s/iter; left time: 299.4133s
	iters: 4600, epoch: 8 | loss: 0.4345496
	speed: 0.0227s/iter; left time: 285.3965s
	iters: 4700, epoch: 8 | loss: 0.3962519
	speed: 0.0227s/iter; left time: 283.6609s
	iters: 4800, epoch: 8 | loss: 0.3334465
	speed: 0.0218s/iter; left time: 270.3802s
	iters: 4900, epoch: 8 | loss: 0.3489330
	speed: 0.0202s/iter; left time: 248.7734s
	iters: 5000, epoch: 8 | loss: 0.3446685
	speed: 0.0195s/iter; left time: 237.8839s
	iters: 5100, epoch: 8 | loss: 0.3939783
	speed: 0.0195s/iter; left time: 236.2113s
	iters: 5200, epoch: 8 | loss: 0.3991122
	speed: 0.0186s/iter; left time: 223.6401s
	iters: 5300, epoch: 8 | loss: 0.4130818
	speed: 0.0184s/iter; left time: 218.9331s
	iters: 5400, epoch: 8 | loss: 0.3622978
	speed: 0.0224s/iter; left time: 264.4949s
	iters: 5500, epoch: 8 | loss: 0.4138075
	speed: 0.0231s/iter; left time: 270.2454s
	iters: 5600, epoch: 8 | loss: 0.3861432
	speed: 0.0199s/iter; left time: 230.8074s
	iters: 5700, epoch: 8 | loss: 0.3924739
	speed: 0.0213s/iter; left time: 244.5572s
Epoch: 8 cost time: 132.7642674446106
Epoch: 8, Steps: 5733 | Train Loss: 0.4017413 Vali Loss: 0.4784273 Test Loss: 0.5501292
Validation loss decreased (0.478729 --> 0.478427).  Saving model ...
Updating learning rate to 7.8125e-07
	iters: 100, epoch: 9 | loss: 0.3585543
	speed: 0.3783s/iter; left time: 4299.6539s
	iters: 200, epoch: 9 | loss: 0.3923333
	speed: 0.0267s/iter; left time: 300.8892s
	iters: 300, epoch: 9 | loss: 0.3639347
	speed: 0.0280s/iter; left time: 312.2460s
	iters: 400, epoch: 9 | loss: 0.3434598
	speed: 0.0418s/iter; left time: 462.1589s
	iters: 500, epoch: 9 | loss: 0.4156426
	speed: 0.0328s/iter; left time: 359.7998s
	iters: 600, epoch: 9 | loss: 0.4371167
	speed: 0.0264s/iter; left time: 286.4453s
	iters: 700, epoch: 9 | loss: 0.3878875
	speed: 0.0290s/iter; left time: 311.8170s
	iters: 800, epoch: 9 | loss: 0.3929499
	speed: 0.0269s/iter; left time: 287.0881s
	iters: 900, epoch: 9 | loss: 0.3625326
	speed: 0.0290s/iter; left time: 306.4668s
	iters: 1000, epoch: 9 | loss: 0.3678488
	speed: 0.0342s/iter; left time: 357.4586s
	iters: 1100, epoch: 9 | loss: 0.4614225
	speed: 0.0418s/iter; left time: 432.9237s
	iters: 1200, epoch: 9 | loss: 0.3544524
	speed: 0.0302s/iter; left time: 310.0683s
	iters: 1300, epoch: 9 | loss: 0.3968943
	speed: 0.0289s/iter; left time: 293.8070s
	iters: 1400, epoch: 9 | loss: 0.5257626
	speed: 0.0299s/iter; left time: 300.8921s
	iters: 1500, epoch: 9 | loss: 0.3971175
	speed: 0.0296s/iter; left time: 295.1820s
	iters: 1600, epoch: 9 | loss: 0.3797597
	speed: 0.0343s/iter; left time: 337.9933s
	iters: 1700, epoch: 9 | loss: 0.3729557
	speed: 0.0411s/iter; left time: 401.2097s
	iters: 1800, epoch: 9 | loss: 0.3979511
	speed: 0.0281s/iter; left time: 271.9517s
	iters: 1900, epoch: 9 | loss: 0.4332192
	speed: 0.0283s/iter; left time: 270.7640s
	iters: 2000, epoch: 9 | loss: 0.4299235
	speed: 0.0291s/iter; left time: 275.6918s
	iters: 2100, epoch: 9 | loss: 0.4571505
	speed: 0.0294s/iter; left time: 275.0794s
	iters: 2200, epoch: 9 | loss: 0.3504824
	speed: 0.0276s/iter; left time: 256.0563s
	iters: 2300, epoch: 9 | loss: 0.4705179
	speed: 0.0457s/iter; left time: 419.2195s
	iters: 2400, epoch: 9 | loss: 0.3923344
	speed: 0.0292s/iter; left time: 264.7366s
	iters: 2500, epoch: 9 | loss: 0.3501176
	speed: 0.0276s/iter; left time: 247.4954s
	iters: 2600, epoch: 9 | loss: 0.3347095
	speed: 0.0280s/iter; left time: 248.0709s
	iters: 2700, epoch: 9 | loss: 0.4004430
	speed: 0.0300s/iter; left time: 263.1029s
	iters: 2800, epoch: 9 | loss: 0.4257572
	speed: 0.0275s/iter; left time: 238.6865s
	iters: 2900, epoch: 9 | loss: 0.3812853
	speed: 0.0463s/iter; left time: 396.6696s
	iters: 3000, epoch: 9 | loss: 0.3729011
	speed: 0.0305s/iter; left time: 258.4947s
	iters: 3100, epoch: 9 | loss: 0.4088431
	speed: 0.0285s/iter; left time: 238.2174s
	iters: 3200, epoch: 9 | loss: 0.4154281
	speed: 0.0293s/iter; left time: 242.5233s
	iters: 3300, epoch: 9 | loss: 0.3572350
	speed: 0.0295s/iter; left time: 240.8947s
	iters: 3400, epoch: 9 | loss: 0.4129880
	speed: 0.0307s/iter; left time: 247.8659s
	iters: 3500, epoch: 9 | loss: 0.3754125
	speed: 0.0446s/iter; left time: 355.1317s
	iters: 3600, epoch: 9 | loss: 0.3963369
	speed: 0.0252s/iter; left time: 197.9831s
	iters: 3700, epoch: 9 | loss: 0.4083330
	speed: 0.0243s/iter; left time: 188.6354s
	iters: 3800, epoch: 9 | loss: 0.4355845
	speed: 0.0252s/iter; left time: 192.9649s
	iters: 3900, epoch: 9 | loss: 0.4328044
	speed: 0.0240s/iter; left time: 181.6411s
	iters: 4000, epoch: 9 | loss: 0.4348894
	speed: 0.0220s/iter; left time: 164.5175s
	iters: 4100, epoch: 9 | loss: 0.3721506
	speed: 0.0217s/iter; left time: 160.0162s
	iters: 4200, epoch: 9 | loss: 0.4205793
	speed: 0.0232s/iter; left time: 168.5421s
	iters: 4300, epoch: 9 | loss: 0.4047193
	speed: 0.0200s/iter; left time: 143.2555s
	iters: 4400, epoch: 9 | loss: 0.3615905
	speed: 0.0208s/iter; left time: 146.6645s
	iters: 4500, epoch: 9 | loss: 0.4212456
	speed: 0.0222s/iter; left time: 154.7491s
	iters: 4600, epoch: 9 | loss: 0.3394302
	speed: 0.0284s/iter; left time: 195.2989s
	iters: 4700, epoch: 9 | loss: 0.4482934
	speed: 0.0277s/iter; left time: 187.2667s
	iters: 4800, epoch: 9 | loss: 0.4190299
	speed: 0.0302s/iter; left time: 201.3512s
	iters: 4900, epoch: 9 | loss: 0.3569298
	speed: 0.0271s/iter; left time: 177.8748s
	iters: 5000, epoch: 9 | loss: 0.3771944
	speed: 0.0264s/iter; left time: 170.5610s
	iters: 5100, epoch: 9 | loss: 0.3699228
	speed: 0.0319s/iter; left time: 203.2591s
	iters: 5200, epoch: 9 | loss: 0.4171495
	speed: 0.0513s/iter; left time: 321.2125s
	iters: 5300, epoch: 9 | loss: 0.4419317
	speed: 0.0317s/iter; left time: 195.2953s
	iters: 5400, epoch: 9 | loss: 0.3870902
	speed: 0.0285s/iter; left time: 172.7150s
	iters: 5500, epoch: 9 | loss: 0.4230278
	speed: 0.0290s/iter; left time: 172.9278s
	iters: 5600, epoch: 9 | loss: 0.3740157
	speed: 0.0281s/iter; left time: 164.7855s
	iters: 5700, epoch: 9 | loss: 0.4435482
	speed: 0.0269s/iter; left time: 155.2869s
Epoch: 9 cost time: 171.38057899475098
Epoch: 9, Steps: 5733 | Train Loss: 0.4016676 Vali Loss: 0.4780091 Test Loss: 0.5500206
Validation loss decreased (0.478427 --> 0.478009).  Saving model ...
Updating learning rate to 3.90625e-07
	iters: 100, epoch: 10 | loss: 0.4554139
	speed: 0.7075s/iter; left time: 3986.1334s
	iters: 200, epoch: 10 | loss: 0.4473552
	speed: 0.0315s/iter; left time: 174.2315s
	iters: 300, epoch: 10 | loss: 0.3947966
	speed: 0.0289s/iter; left time: 157.2522s
	iters: 400, epoch: 10 | loss: 0.4257029
	speed: 0.0278s/iter; left time: 148.2498s
	iters: 500, epoch: 10 | loss: 0.3821818
	speed: 0.0497s/iter; left time: 259.9013s
	iters: 600, epoch: 10 | loss: 0.4104502
	speed: 0.0341s/iter; left time: 174.8537s
	iters: 700, epoch: 10 | loss: 0.4451095
	speed: 0.0226s/iter; left time: 113.6477s
	iters: 800, epoch: 10 | loss: 0.3951056
	speed: 0.0257s/iter; left time: 126.8784s
	iters: 900, epoch: 10 | loss: 0.3885055
	speed: 0.0240s/iter; left time: 115.9420s
	iters: 1000, epoch: 10 | loss: 0.3958472
	speed: 0.0257s/iter; left time: 121.5202s
	iters: 1100, epoch: 10 | loss: 0.3829913
	speed: 0.0203s/iter; left time: 94.2781s
	iters: 1200, epoch: 10 | loss: 0.3979969
	speed: 0.0209s/iter; left time: 94.8269s
	iters: 1300, epoch: 10 | loss: 0.3936764
	speed: 0.0205s/iter; left time: 90.8922s
	iters: 1400, epoch: 10 | loss: 0.4098836
	speed: 0.0217s/iter; left time: 94.0093s
	iters: 1500, epoch: 10 | loss: 0.4787123
	speed: 0.0366s/iter; left time: 154.8041s
	iters: 1600, epoch: 10 | loss: 0.3664199
	speed: 0.0425s/iter; left time: 175.5456s
	iters: 1700, epoch: 10 | loss: 0.4428404
	speed: 0.0448s/iter; left time: 180.6978s
	iters: 1800, epoch: 10 | loss: 0.3832304
	speed: 0.0451s/iter; left time: 177.6087s
	iters: 1900, epoch: 10 | loss: 0.4384081
	speed: 0.0475s/iter; left time: 182.1114s
	iters: 2000, epoch: 10 | loss: 0.4002556
	speed: 0.0432s/iter; left time: 161.2241s
	iters: 2100, epoch: 10 | loss: 0.4656874
	speed: 0.0415s/iter; left time: 150.9233s
	iters: 2200, epoch: 10 | loss: 0.3749455
	speed: 0.0411s/iter; left time: 145.1638s
	iters: 2300, epoch: 10 | loss: 0.3671300
	speed: 0.0494s/iter; left time: 169.6055s
	iters: 2400, epoch: 10 | loss: 0.4624719
	speed: 0.0535s/iter; left time: 178.3190s
	iters: 2500, epoch: 10 | loss: 0.3761483
	speed: 0.0482s/iter; left time: 155.8066s
	iters: 2600, epoch: 10 | loss: 0.3701013
	speed: 0.0486s/iter; left time: 152.3791s
	iters: 2700, epoch: 10 | loss: 0.3317223
	speed: 0.0563s/iter; left time: 170.9158s
	iters: 2800, epoch: 10 | loss: 0.4036494
	speed: 0.0579s/iter; left time: 169.7397s
	iters: 2900, epoch: 10 | loss: 0.4159014
	speed: 0.0544s/iter; left time: 154.2128s
	iters: 3000, epoch: 10 | loss: 0.4138975
	speed: 0.0500s/iter; left time: 136.6453s
	iters: 3100, epoch: 10 | loss: 0.3930546
	speed: 0.0492s/iter; left time: 129.6686s
	iters: 3200, epoch: 10 | loss: 0.4327198
	speed: 0.0230s/iter; left time: 58.1995s
	iters: 3300, epoch: 10 | loss: 0.4944012
	speed: 0.0282s/iter; left time: 68.6867s
	iters: 3400, epoch: 10 | loss: 0.4198885
	speed: 0.0296s/iter; left time: 69.1398s
	iters: 3500, epoch: 10 | loss: 0.4121234
	speed: 0.0295s/iter; left time: 65.9893s
	iters: 3600, epoch: 10 | loss: 0.3496698
	speed: 0.0300s/iter; left time: 63.9364s
	iters: 3700, epoch: 10 | loss: 0.3767724
	speed: 0.0291s/iter; left time: 59.1533s
	iters: 3800, epoch: 10 | loss: 0.4563366
	speed: 0.0322s/iter; left time: 62.2811s
	iters: 3900, epoch: 10 | loss: 0.4046626
	speed: 0.0332s/iter; left time: 60.8532s
	iters: 4000, epoch: 10 | loss: 0.4351797
	speed: 0.0348s/iter; left time: 60.4052s
	iters: 4100, epoch: 10 | loss: 0.3792736
	speed: 0.0506s/iter; left time: 82.6702s
	iters: 4200, epoch: 10 | loss: 0.3507757
	speed: 0.0401s/iter; left time: 61.4457s
	iters: 4300, epoch: 10 | loss: 0.4166205
	speed: 0.0324s/iter; left time: 46.3938s
	iters: 4400, epoch: 10 | loss: 0.4439607
	speed: 0.0346s/iter; left time: 46.1837s
	iters: 4500, epoch: 10 | loss: 0.3777710
	speed: 0.0329s/iter; left time: 40.5390s
	iters: 4600, epoch: 10 | loss: 0.3661464
	speed: 0.0325s/iter; left time: 36.7986s
	iters: 4700, epoch: 10 | loss: 0.4192514
	speed: 0.0332s/iter; left time: 34.3093s
	iters: 4800, epoch: 10 | loss: 0.5739150
	speed: 0.0327s/iter; left time: 30.5854s
	iters: 4900, epoch: 10 | loss: 0.3737829
	speed: 0.0329s/iter; left time: 27.4665s
	iters: 5000, epoch: 10 | loss: 0.3710340
	speed: 0.0349s/iter; left time: 25.5993s
	iters: 5100, epoch: 10 | loss: 0.4382290
	speed: 0.0338s/iter; left time: 21.4242s
	iters: 5200, epoch: 10 | loss: 0.4109617
	speed: 0.0326s/iter; left time: 17.3904s
	iters: 5300, epoch: 10 | loss: 0.4057252
	speed: 0.0441s/iter; left time: 19.1432s
	iters: 5400, epoch: 10 | loss: 0.3707941
	speed: 0.0465s/iter; left time: 15.5450s
	iters: 5500, epoch: 10 | loss: 0.4145501
	speed: 0.0324s/iter; left time: 7.5714s
	iters: 5600, epoch: 10 | loss: 0.4202866
	speed: 0.0323s/iter; left time: 4.3277s
	iters: 5700, epoch: 10 | loss: 0.3979694
	speed: 0.0352s/iter; left time: 1.1983s
Epoch: 10 cost time: 208.55048823356628
Epoch: 10, Steps: 5733 | Train Loss: 0.4015759 Vali Loss: 0.4785335 Test Loss: 0.5510130
EarlyStopping counter: 1 out of 3
Updating learning rate to 1.953125e-07
>>>>>>>testing : long_term_forecast_FPEMFinal_Traffic_96_720_PatchTST_custom_ftM_sl96_ll48_pl720_dm128_nh8_el1_dl1_df256_expand2_dc4_fc3_ebtimeF_dtTrue_FPEMFinal_PatchTST_Traffic_720_0<<<<<<<<<<<<<<<<<<<<<<<<<<<<<<<<<
test 2789
test shape: (2789, 720, 862) (2789, 720, 862)
test shape: (2789, 720, 862) (2789, 720, 862)
mse:0.5500032305717468, mae:0.34627148509025574, dtw:Not calculated
