Using GPU
Args in experiment:
[1mBasic Config[0m
  Task Name:          long_term_forecast  Is Training:        1                   
  Model ID:           FPEMH48H192_ExchangeRate_96_192Model:              PatchTST            

[1mData Loader[0m
  Data:               custom              Root Path:          ./dataset/all_datasets/exchange_rate
  Data Path:          exchange_rate.csv   Features:           M                   
  Target:             OT                  Freq:               d                   
  Checkpoints:        results/fpem_classic_baselines_h48_h192/PatchTST/ExchangeRate/pred_192/checkpoints

[1mForecasting Task[0m
  Seq Len:            96                  Label Len:          48                  
  Pred Len:           192                 Seasonal Patterns:  Monthly             
  Inverse:            0                   

[1mModel Parameters[0m
  Top k:              5                   Num Kernels:        6                   
  Enc In:             8                   Dec In:             8                   
  C Out:              8                   d model:            128                 
  n heads:            8                   e layers:           1                   
  d layers:           1                   d FF:               256                 
  Moving Avg:         25                  Factor:             3                   
  Distil:             1                   Dropout:            0.1                 
  Embed:              timeF               Activation:         gelu                

[1mRun Parameters[0m
  Num Workers:        0                   Itr:                1                   
  Train Epochs:       10                  Batch Size:         32                  
  Patience:           3                   Learning Rate:      0.0001              
  Des:                FPEMH48H192_PatchTST_ExchangeRate_192Loss:               MSE                 
  Lradj:              type1               Use Amp:            0                   

[1mGPU[0m
  Use GPU:            1                   GPU:                0                   
  Use Multi GPU:      0                   Devices:            0,1,2,3             

[1mDe-stationary Projector Params[0m
  P Hidden Dims:      128, 128            P Hidden Layers:    2                   

Use GPU: cuda:0
🚀 Lazy Loading: PatchTST ...
>>>>>>>start training : long_term_forecast_FPEMH48H192_ExchangeRate_96_192_PatchTST_custom_ftM_sl96_ll48_pl192_dm128_nh8_el1_dl1_df256_expand2_dc4_fc3_ebtimeF_dtTrue_FPEMH48H192_PatchTST_ExchangeRate_192_0>>>>>>>>>>>>>>>>>>>>>>>>>>
train 5024
val 569
test 1326
	iters: 100, epoch: 1 | loss: 0.1868840
	speed: 0.0170s/iter; left time: 25.0430s
Epoch: 1 cost time: 2.2780590057373047
Epoch: 1, Steps: 157 | Train Loss: 0.2716654 Vali Loss: 0.2257761 Test Loss: 0.1792738
Validation loss decreased (inf --> 0.225776).  Saving model ...
Updating learning rate to 0.0001
	iters: 100, epoch: 2 | loss: 0.2444697
	speed: 0.0204s/iter; left time: 26.7526s
Epoch: 2 cost time: 1.7479274272918701
Epoch: 2, Steps: 157 | Train Loss: 0.2572322 Vali Loss: 0.2302683 Test Loss: 0.1811286
EarlyStopping counter: 1 out of 3
Updating learning rate to 5e-05
	iters: 100, epoch: 3 | loss: 0.3059028
	speed: 0.0215s/iter; left time: 24.8847s
Epoch: 3 cost time: 1.8314878940582275
Epoch: 3, Steps: 157 | Train Loss: 0.2549816 Vali Loss: 0.2309794 Test Loss: 0.1758623
EarlyStopping counter: 2 out of 3
Updating learning rate to 2.5e-05
	iters: 100, epoch: 4 | loss: 0.2596372
	speed: 0.0209s/iter; left time: 20.9122s
Epoch: 4 cost time: 1.6660704612731934
Epoch: 4, Steps: 157 | Train Loss: 0.2542173 Vali Loss: 0.2301554 Test Loss: 0.1769226
EarlyStopping counter: 3 out of 3
Early stopping
>>>>>>>testing : long_term_forecast_FPEMH48H192_ExchangeRate_96_192_PatchTST_custom_ftM_sl96_ll48_pl192_dm128_nh8_el1_dl1_df256_expand2_dc4_fc3_ebtimeF_dtTrue_FPEMH48H192_PatchTST_ExchangeRate_192_0<<<<<<<<<<<<<<<<<<<<<<<<<<<<<<<<<
test 1326
test shape: (1326, 192, 8) (1326, 192, 8)
test shape: (1326, 192, 8) (1326, 192, 8)
mse:0.17914070188999176, mae:0.3010479807853699, dtw:Not calculated
