Using GPU
Args in experiment:
[1mBasic Config[0m
  Task Name:          long_term_forecast  Is Training:        1                   
  Model ID:           FPEMH48H192_ETTh1_96_192Model:              Autoformer          

[1mData Loader[0m
  Data:               ETTh1               Root Path:          ./dataset/all_datasets/ETT-small
  Data Path:          ETTh1.csv           Features:           M                   
  Target:             OT                  Freq:               h                   
  Checkpoints:        results/fpem_classic_baselines_h48_h192/Autoformer/ETTh1/pred_192/checkpoints

[1mForecasting Task[0m
  Seq Len:            96                  Label Len:          48                  
  Pred Len:           192                 Seasonal Patterns:  Monthly             
  Inverse:            0                   

[1mModel Parameters[0m
  Top k:              5                   Num Kernels:        6                   
  Enc In:             7                   Dec In:             7                   
  C Out:              7                   d model:            512                 
  n heads:            8                   e layers:           2                   
  d layers:           1                   d FF:               2048                
  Moving Avg:         25                  Factor:             3                   
  Distil:             1                   Dropout:            0.1                 
  Embed:              timeF               Activation:         gelu                

[1mRun Parameters[0m
  Num Workers:        0                   Itr:                1                   
  Train Epochs:       10                  Batch Size:         32                  
  Patience:           3                   Learning Rate:      0.0001              
  Des:                FPEMH48H192_Autoformer_ETTh1_192Loss:               MSE                 
  Lradj:              type1               Use Amp:            0                   

[1mGPU[0m
  Use GPU:            1                   GPU:                0                   
  Use Multi GPU:      0                   Devices:            0,1,2,3             

[1mDe-stationary Projector Params[0m
  P Hidden Dims:      128, 128            P Hidden Layers:    2                   

Use GPU: cuda:0
🚀 Lazy Loading: Autoformer ...
>>>>>>>start training : long_term_forecast_FPEMH48H192_ETTh1_96_192_Autoformer_ETTh1_ftM_sl96_ll48_pl192_dm512_nh8_el2_dl1_df2048_expand2_dc4_fc3_ebtimeF_dtTrue_FPEMH48H192_Autoformer_ETTh1_192_0>>>>>>>>>>>>>>>>>>>>>>>>>>
train 8353
val 2689
test 2689
	iters: 100, epoch: 1 | loss: 0.4919785
	speed: 0.1560s/iter; left time: 393.3949s
	iters: 200, epoch: 1 | loss: 0.5056192
	speed: 0.1296s/iter; left time: 313.8770s
Epoch: 1 cost time: 35.29748058319092
Epoch: 1, Steps: 262 | Train Loss: 0.4715818 Vali Loss: 1.1506595 Test Loss: 0.4976758
Validation loss decreased (inf --> 1.150659).  Saving model ...
Updating learning rate to 0.0001
	iters: 100, epoch: 2 | loss: 0.4502469
	speed: 0.3347s/iter; left time: 756.1115s
	iters: 200, epoch: 2 | loss: 0.4483538
	speed: 0.1292s/iter; left time: 279.0063s
Epoch: 2 cost time: 33.654550552368164
Epoch: 2, Steps: 262 | Train Loss: 0.4134244 Vali Loss: 1.1861852 Test Loss: 0.5421052
EarlyStopping counter: 1 out of 3
Updating learning rate to 5e-05
	iters: 100, epoch: 3 | loss: 0.4152313
	speed: 0.3364s/iter; left time: 671.7396s
	iters: 200, epoch: 3 | loss: 0.3800780
	speed: 0.1296s/iter; left time: 245.8585s
Epoch: 3 cost time: 33.837289571762085
Epoch: 3, Steps: 262 | Train Loss: 0.3856503 Vali Loss: 1.2336437 Test Loss: 0.6479332
EarlyStopping counter: 2 out of 3
Updating learning rate to 2.5e-05
	iters: 100, epoch: 4 | loss: 0.3156149
	speed: 0.3322s/iter; left time: 576.3086s
	iters: 200, epoch: 4 | loss: 0.3753720
	speed: 0.1297s/iter; left time: 212.0469s
Epoch: 4 cost time: 33.9819610118866
Epoch: 4, Steps: 262 | Train Loss: 0.3628905 Vali Loss: 1.1918505 Test Loss: 0.5793807
EarlyStopping counter: 3 out of 3
Early stopping
>>>>>>>testing : long_term_forecast_FPEMH48H192_ETTh1_96_192_Autoformer_ETTh1_ftM_sl96_ll48_pl192_dm512_nh8_el2_dl1_df2048_expand2_dc4_fc3_ebtimeF_dtTrue_FPEMH48H192_Autoformer_ETTh1_192_0<<<<<<<<<<<<<<<<<<<<<<<<<<<<<<<<<
test 2689
test shape: (2689, 192, 7) (2689, 192, 7)
test shape: (2689, 192, 7) (2689, 192, 7)
mse:0.4933614134788513, mae:0.4737290143966675, dtw:Not calculated
