Using GPU
Args in experiment:
[1mBasic Config[0m
  Task Name:          long_term_forecast  Is Training:        1                   
  Model ID:           FPEMFinal_ETTh2_96_336Model:              TimesNet            

[1mData Loader[0m
  Data:               ETTh2               Root Path:          ./dataset/all_datasets/ETT-small
  Data Path:          ETTh2.csv           Features:           M                   
  Target:             OT                  Freq:               h                   
  Checkpoints:        results/fpem_final_baselines/TimesNet/ETTh2/pred_336/checkpoints

[1mForecasting Task[0m
  Seq Len:            96                  Label Len:          48                  
  Pred Len:           336                 Seasonal Patterns:  Monthly             
  Inverse:            0                   

[1mModel Parameters[0m
  Top k:              5                   Num Kernels:        6                   
  Enc In:             7                   Dec In:             7                   
  C Out:              7                   d model:            16                  
  n heads:            8                   e layers:           2                   
  d layers:           1                   d FF:               32                  
  Moving Avg:         25                  Factor:             3                   
  Distil:             1                   Dropout:            0.1                 
  Embed:              timeF               Activation:         gelu                

[1mRun Parameters[0m
  Num Workers:        0                   Itr:                1                   
  Train Epochs:       10                  Batch Size:         32                  
  Patience:           3                   Learning Rate:      0.0001              
  Des:                FPEMFinal_TimesNet_ETTh2_336Loss:               MSE                 
  Lradj:              type1               Use Amp:            0                   

[1mGPU[0m
  Use GPU:            1                   GPU:                0                   
  Use Multi GPU:      0                   Devices:            0,1,2,3             

[1mDe-stationary Projector Params[0m
  P Hidden Dims:      128, 128            P Hidden Layers:    2                   

Use GPU: cuda:0
🚀 Lazy Loading: TimesNet ...
>>>>>>>start training : long_term_forecast_FPEMFinal_ETTh2_96_336_TimesNet_ETTh2_ftM_sl96_ll48_pl336_dm16_nh8_el2_dl1_df32_expand2_dc4_fc3_ebtimeF_dtTrue_FPEMFinal_TimesNet_ETTh2_336_0>>>>>>>>>>>>>>>>>>>>>>>>>>
train 8209
val 2545
test 2545
	iters: 100, epoch: 1 | loss: 0.9039838
	speed: 0.3128s/iter; left time: 773.0459s
	iters: 200, epoch: 1 | loss: 0.7849155
	speed: 0.2041s/iter; left time: 483.8925s
Epoch: 1 cost time: 61.01910710334778
Epoch: 1, Steps: 257 | Train Loss: 0.7233246 Vali Loss: 0.4115899 Test Loss: 0.4750306
Validation loss decreased (inf --> 0.411590).  Saving model ...
Updating learning rate to 0.0001
	iters: 100, epoch: 2 | loss: 0.5961646
	speed: 0.4357s/iter; left time: 964.6785s
	iters: 200, epoch: 2 | loss: 0.7970293
	speed: 0.2085s/iter; left time: 440.8396s
Epoch: 2 cost time: 53.12552189826965
Epoch: 2, Steps: 257 | Train Loss: 0.6377699 Vali Loss: 0.4382374 Test Loss: 0.4804286
EarlyStopping counter: 1 out of 3
Updating learning rate to 5e-05
	iters: 100, epoch: 3 | loss: 0.2756388
	speed: 0.4761s/iter; left time: 931.7733s
	iters: 200, epoch: 3 | loss: 0.5690336
	speed: 0.2274s/iter; left time: 422.3216s
Epoch: 3 cost time: 57.72770404815674
Epoch: 3, Steps: 257 | Train Loss: 0.5928052 Vali Loss: 0.4264179 Test Loss: 0.4616428
EarlyStopping counter: 2 out of 3
Updating learning rate to 2.5e-05
	iters: 100, epoch: 4 | loss: 0.5551203
	speed: 0.5206s/iter; left time: 885.0161s
	iters: 200, epoch: 4 | loss: 0.5106054
	speed: 0.2431s/iter; left time: 389.0057s
Epoch: 4 cost time: 61.70584678649902
Epoch: 4, Steps: 257 | Train Loss: 0.5769748 Vali Loss: 0.4304011 Test Loss: 0.4582966
EarlyStopping counter: 3 out of 3
Early stopping
>>>>>>>testing : long_term_forecast_FPEMFinal_ETTh2_96_336_TimesNet_ETTh2_ftM_sl96_ll48_pl336_dm16_nh8_el2_dl1_df32_expand2_dc4_fc3_ebtimeF_dtTrue_FPEMFinal_TimesNet_ETTh2_336_0<<<<<<<<<<<<<<<<<<<<<<<<<<<<<<<<<
test 2545
test shape: (2545, 336, 7) (2545, 336, 7)
test shape: (2545, 336, 7) (2545, 336, 7)
mse:0.47077837586402893, mae:0.4676567614078522, dtw:Not calculated
