Using GPU
Args in experiment:
[1mBasic Config[0m
  Task Name:          long_term_forecast  Is Training:        1                   
  Model ID:           FPEMFinal_ExchangeRate_96_96Model:              DLinear             

[1mData Loader[0m
  Data:               custom              Root Path:          ./dataset/all_datasets/exchange_rate
  Data Path:          exchange_rate.csv   Features:           M                   
  Target:             OT                  Freq:               d                   
  Checkpoints:        results/fpem_final_baselines/DLinear/ExchangeRate/pred_96/checkpoints

[1mForecasting Task[0m
  Seq Len:            96                  Label Len:          48                  
  Pred Len:           96                  Seasonal Patterns:  Monthly             
  Inverse:            0                   

[1mModel Parameters[0m
  Top k:              5                   Num Kernels:        6                   
  Enc In:             8                   Dec In:             8                   
  C Out:              8                   d model:            512                 
  n heads:            8                   e layers:           2                   
  d layers:           1                   d FF:               2048                
  Moving Avg:         25                  Factor:             3                   
  Distil:             1                   Dropout:            0.1                 
  Embed:              timeF               Activation:         gelu                

[1mRun Parameters[0m
  Num Workers:        0                   Itr:                1                   
  Train Epochs:       10                  Batch Size:         32                  
  Patience:           3                   Learning Rate:      0.0001              
  Des:                FPEMFinal_DLinear_ExchangeRate_96Loss:               MSE                 
  Lradj:              type1               Use Amp:            0                   

[1mGPU[0m
  Use GPU:            1                   GPU:                0                   
  Use Multi GPU:      0                   Devices:            0,1,2,3             

[1mDe-stationary Projector Params[0m
  P Hidden Dims:      128, 128            P Hidden Layers:    2                   

Use GPU: cuda:0
🚀 Lazy Loading: DLinear ...
>>>>>>>start training : long_term_forecast_FPEMFinal_ExchangeRate_96_96_DLinear_custom_ftM_sl96_ll48_pl96_dm512_nh8_el2_dl1_df2048_expand2_dc4_fc3_ebtimeF_dtTrue_FPEMFinal_DLinear_ExchangeRate_96_0>>>>>>>>>>>>>>>>>>>>>>>>>>
train 5120
val 665
test 1422
	iters: 100, epoch: 1 | loss: 0.1871021
	speed: 0.0216s/iter; left time: 32.4867s
Epoch: 1 cost time: 1.2248523235321045
Epoch: 1, Steps: 160 | Train Loss: 0.1864507 Vali Loss: 0.2572267 Test Loss: 0.1154526
Validation loss decreased (inf --> 0.257227).  Saving model ...
Updating learning rate to 0.0001
	iters: 100, epoch: 2 | loss: 0.1506265
	speed: 0.0123s/iter; left time: 16.4304s
Epoch: 2 cost time: 0.9523141384124756
Epoch: 2, Steps: 160 | Train Loss: 0.1566581 Vali Loss: 0.2118394 Test Loss: 0.0985325
Validation loss decreased (0.257227 --> 0.211839).  Saving model ...
Updating learning rate to 5e-05
	iters: 100, epoch: 3 | loss: 0.1092211
	speed: 0.0126s/iter; left time: 14.9091s
Epoch: 3 cost time: 0.9658644199371338
Epoch: 3, Steps: 160 | Train Loss: 0.1459467 Vali Loss: 0.2200296 Test Loss: 0.0983000
EarlyStopping counter: 1 out of 3
Updating learning rate to 2.5e-05
	iters: 100, epoch: 4 | loss: 0.1147604
	speed: 0.0124s/iter; left time: 12.6877s
Epoch: 4 cost time: 0.9569730758666992
Epoch: 4, Steps: 160 | Train Loss: 0.1424678 Vali Loss: 0.2193365 Test Loss: 0.0972446
EarlyStopping counter: 2 out of 3
Updating learning rate to 1.25e-05
	iters: 100, epoch: 5 | loss: 0.1246477
	speed: 0.0120s/iter; left time: 10.3076s
Epoch: 5 cost time: 0.9289894104003906
Epoch: 5, Steps: 160 | Train Loss: 0.1410040 Vali Loss: 0.2143233 Test Loss: 0.0955795
EarlyStopping counter: 3 out of 3
Early stopping
>>>>>>>testing : long_term_forecast_FPEMFinal_ExchangeRate_96_96_DLinear_custom_ftM_sl96_ll48_pl96_dm512_nh8_el2_dl1_df2048_expand2_dc4_fc3_ebtimeF_dtTrue_FPEMFinal_DLinear_ExchangeRate_96_0<<<<<<<<<<<<<<<<<<<<<<<<<<<<<<<<<
test 1422
test shape: (1422, 96, 8) (1422, 96, 8)
test shape: (1422, 96, 8) (1422, 96, 8)
mse:0.09834262728691101, mae:0.2326776683330536, dtw:Not calculated
