prepare reference: env GPU=OUTPUT_ROOT=results/fpem_final_backbones BACKBONE=cyclenet SEED=2021 ENV_NUM=2 EXPERIMENTS=A2 DATASET_NAME=ExchangeRate DATASET_ARCHIVE_SHA256=3730ee9f111b7761c465d373cfe004756c365b28245c1c7942a590bd54a2bf7c DATA_ROOT=./dataset/all_datasets/exchange_rate DATA_CLASS=custom DATA_PATH=exchange_rate.csv TARGET=OT FREQ=d CYCLENET_CYCLE_LEN=7 SEQ_LEN=96 PRED_LEN=720 BATCH_SIZE=32 NUM_WORKERS=0 EPOCHS=10 WARMUP_EPOCHS=3 STAGE_EPOCHS=2 PREPARE_REFERENCE_ONLY=1 REFERENCE_CHECKPOINT=results/fpem_final_patchtst_search/cyclenet/ExchangeRate/pred_720/shared_reference.pt OUTPUT=results/fpem_final_patchtst_search/cyclenet/ExchangeRate/pred_720/reference_prepare bash scripts/run_predictive_env_iv_patchtst.sh 
usage: run_predictive_env_iv_patchtst.py [-h]
                                         [--backbone {patchtst,itransformer,cyclenet}]
                                         [--root_path ROOT_PATH]
                                         [--dataset_name DATASET_NAME]
                                         [--dataset_archive_sha256 DATASET_ARCHIVE_SHA256]
                                         [--data_class {ett_hour,ett_minute,custom}]
                                         [--data_path DATA_PATH]
                                         [--target TARGET] [--freq FREQ]
                                         [--cyclenet_cycle_len CYCLENET_CYCLE_LEN]
                                         [--seq_len SEQ_LEN]
                                         [--pred_len PRED_LEN]
                                         [--experiments EXPERIMENTS]
                                         [--epochs EPOCHS]
                                         [--warmup_epochs WARMUP_EPOCHS]
                                         [--batch_size BATCH_SIZE]
                                         [--d_model D_MODEL] [--d_ff D_FF]
                                         [--n_heads N_HEADS]
                                         [--e_layers E_LAYERS]
                                         [--dropout DROPOUT]
                                         [--bottleneck BOTTLENECK]
                                         [--env_num ENV_NUM]
                                         [--env_update_interval ENV_UPDATE_INTERVAL]
                                         [--stage_epochs STAGE_EPOCHS]
                                         [--eiil_steps EIIL_STEPS]
                                         [--eiil_lr EIIL_LR]
                                         [--balance_weight BALANCE_WEIGHT]
                                         [--entropy_weight ENTROPY_WEIGHT]
                                         [--lr LR] [--differential_lr]
                                         [--adaptive_variant_lr]
                                         [--fixed_gamma_beta_lr]
                                         [--lr_backbone LR_BACKBONE]
                                         [--lr_inv_head LR_INV_HEAD]
                                         [--lr_decomposer LR_DECOMPOSER]
                                         [--lr_env_head LR_ENV_HEAD]
                                         [--lr_variant LR_VARIANT]
                                         [--lr_gamma_beta_base LR_GAMMA_BETA_BASE]
                                         [--lr_reliability LR_RELIABILITY]
                                         [--reliability_objective {mse,mse_ranking,mse_usefulness}]
                                         [--reliability_environment_disagreement]
                                         [--num_workers NUM_WORKERS]
                                         [--lambda_risk LAMBDA_RISK]
                                         [--lambda_invpred LAMBDA_INVPRED]
                                         [--lambda_future_var LAMBDA_FUTURE_VAR]
                                         [--lambda_future_h LAMBDA_FUTURE_H]
                                         [--lambda_horizon_reliability LAMBDA_HORIZON_RELIABILITY]
                                         [--horizon_reliability_temperature HORIZON_RELIABILITY_TEMPERATURE]
                                         [--future_var_anchor_count FUTURE_VAR_ANCHOR_COUNT]
                                         [--future_patch_len FUTURE_PATCH_LEN]
                                         [--future_teacher_patches_per_batch FUTURE_TEACHER_PATCHES_PER_BATCH]
                                         [--future_teacher_eval_patch_count FUTURE_TEACHER_EVAL_PATCH_COUNT]
                                         [--lambda_var_predictive LAMBDA_VAR_PREDICTIVE]
                                         [--lambda_var_utility LAMBDA_VAR_UTILITY]
                                         [--lambda_var_gain LAMBDA_VAR_GAIN]
                                         [--var_gain_temperature VAR_GAIN_TEMPERATURE]
                                         [--lambda_var_conditional_gain LAMBDA_VAR_CONDITIONAL_GAIN]
                                         [--var_conditional_margin VAR_CONDITIONAL_MARGIN]
                                         [--lambda_h_anchor LAMBDA_H_ANCHOR]
                                         [--lambda_domain LAMBDA_DOMAIN]
                                         [--lambda_z LAMBDA_Z]
                                         [--lambda_con_inv LAMBDA_CON_INV]
                                         [--temperature TEMPERATURE]
                                         [--representation_constraint {contrastive,classification}]
                                         [--grl_weight GRL_WEIGHT]
                                         [--decomposition_type {projection,signed_gate,complementary_gate}]
                                         [--gate_near_zero_threshold GATE_NEAR_ZERO_THRESHOLD]
                                         [--lambda_gate_activity LAMBDA_GATE_ACTIVITY]
                                         [--lambda_complementary_gate_activity LAMBDA_COMPLEMENTARY_GATE_ACTIVITY]
                                         [--variant_fusion_mode {legacy,off,inv_only,direct_gated,film,film_decay_reg,y_film_decay,horizon_future_var}]
                                         [--variant_fusion_gate_type {token,feature}]
                                         [--fusion_scale_calibration {none,rms}]
                                         [--film_gamma_scale FILM_GAMMA_SCALE]
                                         [--film_beta_scale FILM_BETA_SCALE]
                                         [--lambda_decay_mono LAMBDA_DECAY_MONO]
                                         [--lambda_decay_far LAMBDA_DECAY_FAR]
                                         [--horizon_decay_bins HORIZON_DECAY_BINS]
                                         [--y_film_gamma_scale Y_FILM_GAMMA_SCALE]
                                         [--y_film_beta_scale Y_FILM_BETA_SCALE]
                                         [--y_film_decay_bias Y_FILM_DECAY_BIAS]
                                         [--horizon_future_dim HORIZON_FUTURE_DIM]
                                         [--horizon_future_gamma_scale HORIZON_FUTURE_GAMMA_SCALE]
                                         [--horizon_future_beta_scale HORIZON_FUTURE_BETA_SCALE]
                                         [--horizon_future_chunk_size HORIZON_FUTURE_CHUNK_SIZE]
                                         [--predictive_env_refactor_mode {current,h_reference,h_reference_grad_isolated}]
                                         [--environment_matching {overlap,gradient_aware}]
                                         [--environment_supervision {predictive,random,shuffled,uniform}]
                                         [--matching_q_weight MATCHING_Q_WEIGHT]
                                         [--matching_gradient_weight MATCHING_GRADIENT_WEIGHT]
                                         [--seed SEED] [--gpu GPU]
                                         [--max_train_batches MAX_TRAIN_BATCHES]
                                         [--max_eval_batches MAX_EVAL_BATCHES]
                                         [--diagnostic_samples DIAGNOSTIC_SAMPLES]
                                         [--environment_quality_diagnostics]
                                         [--environment_quality_final_only]
                                         [--random_partition_repeats RANDOM_PARTITION_REPEATS]
                                         [--reference_checkpoint REFERENCE_CHECKPOINT]
                                         [--require_reference_checkpoint]
                                         [--allow_legacy_reference_checkpoint]
                                         [--prepare_reference_only]
                                         [--save_final_checkpoint]
                                         [--output OUTPUT]
run_predictive_env_iv_patchtst.py: error: argument --gpu: invalid int value: 'OUTPUT_ROOT=results/fpem_final_backbones'
