Using GPU
Args in experiment:
[1mBasic Config[0m
  Task Name:          long_term_forecast  Is Training:        1                   
  Model ID:           FPEMFinal_ETTm2_96_336Model:              DLinear             

[1mData Loader[0m
  Data:               ETTm2               Root Path:          ./dataset/all_datasets/ETT-small
  Data Path:          ETTm2.csv           Features:           M                   
  Target:             OT                  Freq:               15min               
  Checkpoints:        results/fpem_final_baselines/DLinear/ETTm2/pred_336/checkpoints

[1mForecasting Task[0m
  Seq Len:            96                  Label Len:          48                  
  Pred Len:           336                 Seasonal Patterns:  Monthly             
  Inverse:            0                   

[1mModel Parameters[0m
  Top k:              5                   Num Kernels:        6                   
  Enc In:             7                   Dec In:             7                   
  C Out:              7                   d model:            512                 
  n heads:            8                   e layers:           2                   
  d layers:           1                   d FF:               2048                
  Moving Avg:         25                  Factor:             3                   
  Distil:             1                   Dropout:            0.1                 
  Embed:              timeF               Activation:         gelu                

[1mRun Parameters[0m
  Num Workers:        0                   Itr:                1                   
  Train Epochs:       10                  Batch Size:         32                  
  Patience:           3                   Learning Rate:      0.0001              
  Des:                FPEMFinal_DLinear_ETTm2_336Loss:               MSE                 
  Lradj:              type1               Use Amp:            0                   

[1mGPU[0m
  Use GPU:            1                   GPU:                0                   
  Use Multi GPU:      0                   Devices:            0,1,2,3             

[1mDe-stationary Projector Params[0m
  P Hidden Dims:      128, 128            P Hidden Layers:    2                   

Use GPU: cuda:0
🚀 Lazy Loading: DLinear ...
>>>>>>>start training : long_term_forecast_FPEMFinal_ETTm2_96_336_DLinear_ETTm2_ftM_sl96_ll48_pl336_dm512_nh8_el2_dl1_df2048_expand2_dc4_fc3_ebtimeF_dtTrue_FPEMFinal_DLinear_ETTm2_336_0>>>>>>>>>>>>>>>>>>>>>>>>>>
train 34129
val 11185
test 11185
	iters: 100, epoch: 1 | loss: 0.3096173
	speed: 0.0206s/iter; left time: 217.7820s
	iters: 200, epoch: 1 | loss: 0.2429265
	speed: 0.0063s/iter; left time: 66.2199s
	iters: 300, epoch: 1 | loss: 0.2171229
	speed: 0.0074s/iter; left time: 76.8997s
	iters: 400, epoch: 1 | loss: 0.2422298
	speed: 0.0081s/iter; left time: 82.8491s
	iters: 500, epoch: 1 | loss: 0.2359393
	speed: 0.0062s/iter; left time: 62.6782s
	iters: 600, epoch: 1 | loss: 0.2657441
	speed: 0.0064s/iter; left time: 64.3954s
	iters: 700, epoch: 1 | loss: 0.2700915
	speed: 0.0061s/iter; left time: 61.1392s
	iters: 800, epoch: 1 | loss: 0.5461389
	speed: 0.0070s/iter; left time: 69.3316s
	iters: 900, epoch: 1 | loss: 0.4868356
	speed: 0.0079s/iter; left time: 77.0696s
	iters: 1000, epoch: 1 | loss: 0.5009215
	speed: 0.0069s/iter; left time: 66.4274s
Epoch: 1 cost time: 7.574908494949341
Epoch: 1, Steps: 1067 | Train Loss: 0.4200530 Vali Loss: 0.2535703 Test Loss: 0.3831596
Validation loss decreased (inf --> 0.253570).  Saving model ...
Updating learning rate to 0.0001
	iters: 100, epoch: 2 | loss: 0.3587956
	speed: 0.0387s/iter; left time: 367.7932s
	iters: 200, epoch: 2 | loss: 0.2918816
	speed: 0.0065s/iter; left time: 61.1258s
	iters: 300, epoch: 2 | loss: 0.2013991
	speed: 0.0063s/iter; left time: 58.2007s
	iters: 400, epoch: 2 | loss: 0.6715682
	speed: 0.0066s/iter; left time: 60.6424s
	iters: 500, epoch: 2 | loss: 0.4218238
	speed: 0.0072s/iter; left time: 65.7157s
	iters: 600, epoch: 2 | loss: 0.8939113
	speed: 0.0068s/iter; left time: 61.4442s
	iters: 700, epoch: 2 | loss: 0.3108392
	speed: 0.0065s/iter; left time: 57.4788s
	iters: 800, epoch: 2 | loss: 0.2532515
	speed: 0.0063s/iter; left time: 55.8777s
	iters: 900, epoch: 2 | loss: 0.3719902
	speed: 0.0063s/iter; left time: 55.0148s
	iters: 1000, epoch: 2 | loss: 0.5613958
	speed: 0.0058s/iter; left time: 49.6349s
Epoch: 2 cost time: 6.91925048828125
Epoch: 2, Steps: 1067 | Train Loss: 0.4055983 Vali Loss: 0.2527563 Test Loss: 0.3845697
Validation loss decreased (0.253570 --> 0.252756).  Saving model ...
Updating learning rate to 5e-05
	iters: 100, epoch: 3 | loss: 0.3913836
	speed: 0.0359s/iter; left time: 302.4901s
	iters: 200, epoch: 3 | loss: 0.4126971
	speed: 0.0066s/iter; left time: 55.0779s
	iters: 300, epoch: 3 | loss: 0.4242014
	speed: 0.0063s/iter; left time: 51.7287s
	iters: 400, epoch: 3 | loss: 0.4026797
	speed: 0.0071s/iter; left time: 57.6675s
	iters: 500, epoch: 3 | loss: 0.2828199
	speed: 0.0060s/iter; left time: 48.6064s
	iters: 600, epoch: 3 | loss: 0.2491865
	speed: 0.0070s/iter; left time: 55.3555s
	iters: 700, epoch: 3 | loss: 0.4884959
	speed: 0.0072s/iter; left time: 56.3837s
	iters: 800, epoch: 3 | loss: 0.5090114
	speed: 0.0065s/iter; left time: 50.2521s
	iters: 900, epoch: 3 | loss: 0.4406939
	speed: 0.0065s/iter; left time: 49.4307s
	iters: 1000, epoch: 3 | loss: 0.4058295
	speed: 0.0064s/iter; left time: 48.1311s
Epoch: 3 cost time: 7.099296808242798
Epoch: 3, Steps: 1067 | Train Loss: 0.4031545 Vali Loss: 0.2573839 Test Loss: 0.3955473
EarlyStopping counter: 1 out of 3
Updating learning rate to 2.5e-05
	iters: 100, epoch: 4 | loss: 0.5173945
	speed: 0.0447s/iter; left time: 329.6840s
	iters: 200, epoch: 4 | loss: 0.2186722
	speed: 0.0064s/iter; left time: 46.4214s
	iters: 300, epoch: 4 | loss: 0.3029471
	speed: 0.0064s/iter; left time: 45.7172s
	iters: 400, epoch: 4 | loss: 0.7777228
	speed: 0.0067s/iter; left time: 47.0487s
	iters: 500, epoch: 4 | loss: 0.8063047
	speed: 0.0072s/iter; left time: 50.5068s
	iters: 600, epoch: 4 | loss: 0.2136642
	speed: 0.0109s/iter; left time: 74.7961s
	iters: 700, epoch: 4 | loss: 0.4860567
	speed: 0.0106s/iter; left time: 71.7892s
	iters: 800, epoch: 4 | loss: 0.6352679
	speed: 0.0121s/iter; left time: 80.7898s
	iters: 900, epoch: 4 | loss: 0.2868600
	speed: 0.0117s/iter; left time: 76.6555s
	iters: 1000, epoch: 4 | loss: 0.3403591
	speed: 0.0101s/iter; left time: 65.1864s
Epoch: 4 cost time: 9.619656085968018
Epoch: 4, Steps: 1067 | Train Loss: 0.4024500 Vali Loss: 0.2555666 Test Loss: 0.3917244
EarlyStopping counter: 2 out of 3
Updating learning rate to 1.25e-05
	iters: 100, epoch: 5 | loss: 0.1779742
	speed: 0.0454s/iter; left time: 286.0679s
	iters: 200, epoch: 5 | loss: 0.2634345
	speed: 0.0105s/iter; left time: 65.0837s
	iters: 300, epoch: 5 | loss: 0.5692289
	speed: 0.0114s/iter; left time: 69.7177s
	iters: 400, epoch: 5 | loss: 0.6061520
	speed: 0.0110s/iter; left time: 65.9665s
	iters: 500, epoch: 5 | loss: 0.3195039
	speed: 0.0105s/iter; left time: 62.2200s
	iters: 600, epoch: 5 | loss: 0.3208155
	speed: 0.0103s/iter; left time: 59.5559s
	iters: 700, epoch: 5 | loss: 0.6397250
	speed: 0.0114s/iter; left time: 64.7874s
	iters: 800, epoch: 5 | loss: 0.3935368
	speed: 0.0109s/iter; left time: 60.9153s
	iters: 900, epoch: 5 | loss: 0.3883833
	speed: 0.0106s/iter; left time: 58.3460s
	iters: 1000, epoch: 5 | loss: 0.3958049
	speed: 0.0102s/iter; left time: 55.2413s
Epoch: 5 cost time: 11.54990816116333
Epoch: 5, Steps: 1067 | Train Loss: 0.4018525 Vali Loss: 0.2527948 Test Loss: 0.3858664
EarlyStopping counter: 3 out of 3
Early stopping
>>>>>>>testing : long_term_forecast_FPEMFinal_ETTm2_96_336_DLinear_ETTm2_ftM_sl96_ll48_pl336_dm512_nh8_el2_dl1_df2048_expand2_dc4_fc3_ebtimeF_dtTrue_FPEMFinal_DLinear_ETTm2_336_0<<<<<<<<<<<<<<<<<<<<<<<<<<<<<<<<<
test 11185
test shape: (11185, 336, 7) (11185, 336, 7)
test shape: (11185, 336, 7) (11185, 336, 7)
mse:0.3849274218082428, mae:0.4294671416282654, dtw:Not calculated
